=== 1. parabolic group laws (Lemma: composition at a common point) ===
PASS  R(s1) o R(s2) = R(s1+s2)  [same side]
PASS  L(s1) o L(s2) = L(s1+s2)  [same side]
PASS  L(s1) o R(s2) = M o R(s1+s2)  [opposite sides, M global Moebius]
PASS  jump of [Phi''/Phi'] at 0 for L(s1) o R(s2) equals -2(s1+s2) (-1.960000)
PASS  jump of [Phi''/Phi'] at 0 for R(s2) o L(s1) equals -2(s1+s2) (-1.960000)

=== 2. general transformation rule S(f o g) = S(g) + (g')^2 S(f) o g ===
PASS  displaced mass at k_2^{-1}(p_3)=3.200568 is -2 sigma_1 k_2'(x_0) (k_2'=0.670114)
PASS  no mass at the junction p_3 (jump = 5.36e-05)
PASS  mass -2 sigma_2 at p_4

=== 3. Hypothesis H: single-interval conditioning is NOT sufficient ===
   image of the later step: k_2((p_1,p_3)) = (1.333333, 2.000000); the earlier corner p_2 = 1.0
PASS  the earlier corner p_2 is NOT in the range of k_2 (it is swallowed)
   jump of Phi at p_2 = -2.00e-05 (claim -2 sigma_1 = -2.000000)
PASS  total Schwarzian mass is -2 sigma_2 = -2.0000, NOT -2(sigma_1+sigma_2) = -4.0000
PASS  Phi = (global Moebius) o k_2 : the first step leaves the state unchanged
   (starting block with >= 2 intervals + single-interval conditioning => H, see 5.)

=== 4. VWZ protocols (a,b,c,d = lengths of A,B,C,D) ===
PASS  1(B)=1(A) identity 2c/(b(b+c)) + 2d/((b+c)(b+c+d)) = 2(c+d)/(b(b+c+d))
PASS    ... also for the rotated maps at common t = 0.0
PASS    ... also for the rotated maps at common t = 0.3
PASS    ... also for the rotated maps at common t = 1.7
PASS  1(B) and 1(A) are LITERALLY the same point map (max|diff| = 2.2e-16)
PASS  Protocol 3: sigma_1 = 2a/(b(a+b)), sigma_2 = 2d/(c(c+d))
PASS  Protocol 3 = (global Moebius) o R(sigma_1+sigma_2) at p_3
PASS  Protocol 3 in the other order has the same Schwarzian mass (-2.140019)
PASS  Protocol 3: the two orders give LITERALLY the same point map (L and R at p commute)
PASS  zeta_eff = (sigma_1+sigma_2)(a+b)(c+d)/(a+b+c+d) = 24328/26235
PASS  effective Theorem-A parameter s' = (sigma_1+sigma_2)(c+d) = 12164/6345 >= lambda' = d/c = 16/27
PASS  s' >= 2 lambda' (over-compressed) in 20000 random rational configurations (0 bad)

=== 5. protocol tables n = 4, 5 (single-interval conditioning) ===
  n = 4, lengths [1.0, 1.0, 1.0, 1.0]
    start A_1 A_2  order RR    kappa = {2: 1.0, 3: 1.0}   zeta^(I) = {2: np.float64(0.75), 3: np.float64(1.0)}
    start A_2 A_3  order LR    kappa = {3: 2.0}   zeta^(I) = {3: np.float64(2.0)}
    start A_2 A_3  order RL    kappa = {3: 2.0}   zeta^(I) = {3: np.float64(2.0)}
    start A_3 A_4  order LL    kappa = {3: 1.0, 4: 1.0}   zeta^(I) = {3: np.float64(1.0), 4: np.float64(0.75)}
PASS    n=4: 4 protocols fall into 3 classes = 3 starting pairs (order-independent)
PASS      S(Phi) = -2 sum kappa_k delta_{p_k} for start A_1 A_2 order RR
PASS      S(Phi) = -2 sum kappa_k delta_{p_k} for start A_2 A_3 order LR
PASS      S(Phi) = -2 sum kappa_k delta_{p_k} for start A_3 A_4 order LL
  n = 5, lengths [1.0, 1.3, 0.7, 1.9, 1.1]
    start A_1 A_2  order RRR   kappa = {2: 0.53846, 3: 2.08791, 4: 0.38596}   zeta^(I) = {2: np.float64(0.44872), 3: np.float64(2.96136), 4: np.float64(0.57895)}
    start A_2 A_3  order LRR   kappa = {3: 2.75681, 4: 0.38596}   zeta^(I) = {3: np.float64(3.91007), 4: np.float64(0.57895)}
    start A_2 A_3  order RLR   kappa = {3: 2.75681, 4: 0.38596}   zeta^(I) = {3: np.float64(3.91007), 4: np.float64(0.57895)}
    start A_2 A_3  order RRL   kappa = {3: 2.75681, 4: 0.38596}   zeta^(I) = {3: np.float64(3.91007), 4: np.float64(0.57895)}
    start A_3 A_4  order LLR   kappa = {3: 0.6689, 4: 2.24311}   zeta^(I) = {3: np.float64(0.94872), 4: np.float64(3.36466)}
    start A_3 A_4  order LRL   kappa = {3: 0.6689, 4: 2.24311}   zeta^(I) = {3: np.float64(0.94872), 4: np.float64(3.36466)}
    start A_3 A_4  order RLL   kappa = {3: 0.6689, 4: 2.24311}   zeta^(I) = {3: np.float64(0.94872), 4: np.float64(3.36466)}
    start A_4 A_5  order LLL   kappa = {3: 0.6689, 4: 1.85714, 5: 0.2834}   zeta^(I) = {3: np.float64(0.94872), 4: np.float64(2.78571), 5: np.float64(0.25459)}
PASS    n=5: 8 protocols fall into 4 classes = 4 starting pairs (order-independent)
PASS      S(Phi) = -2 sum kappa_k delta_{p_k} for start A_1 A_2 order RRR
PASS      S(Phi) = -2 sum kappa_k delta_{p_k} for start A_2 A_3 order LRR
PASS      S(Phi) = -2 sum kappa_k delta_{p_k} for start A_3 A_4 order LLR
PASS      S(Phi) = -2 sum kappa_k delta_{p_k} for start A_4 A_5 order LLL

=== 6. amplification (Lemma) ===
PASS  beta_I(p)/beta_{I_step}(p) = 1 + z', z' = ac/(b(a+b+c))  (0/20000 bad)
