==========================================================================
(1) x-space Mellin transform of  (c/8pi^2)(u'-u-i0)^{-4}  vs  What(k)
    What(k) = (c/24pi) k(k^2+1)/(e^{2pi k}-1)      [c = 1]
==========================================================================
      k       Mellin (x-space), Re           Im           note What(k)    rel.err
  -1.70          0.087709651057917     9.53e-39      0.087709651057917   1.09e-37
  -0.50          0.008663712935352          0.0      0.008663712935352   0.00e+00
   0.30        0.00077639170997702    -2.38e-39    0.00077639170997702   3.07e-36
   1.00         4.9628134648063e-5          0.0     4.9628134648063e-5   1.21e-31
   2.50         3.6227235732388e-8    -5.96e-40     3.6227235732388e-8   3.68e-29

    KMS asymmetry  What(-k) = e^{2 pi k} What(k), from x-space only:
      k= 0.3  What(-k)=  0.00511336390923  e^(2pik)What(k)=  0.00511336390923  rel=3.07e-36
      k= 1.0  What(-k)=   0.0265754519833  e^(2pik)What(k)=   0.0265754519833  rel=0.00e+00
      k= 2.5  What(-k)=    0.240390314856  e^(2pik)What(k)=    0.240390314856  rel=3.69e-29

    Mellin diagonalises the dilation:  M[F(e^{-2pi t}.)](ik)/M[F](ik) = e^{2 pi i k t}?
      k= 0.70 t=0.31  ratio=(0.2058626088 + 0.9785809043j)   e^(2pi i k t)=(0.2058626088 + 0.9785809043j)   err=7.40e-32
      k=-1.30 t=0.50  ratio=(-0.5877852523 + 0.8090169944j)   e^(2pi i k t)=(-0.5877852523 + 0.8090169944j)   err=4.41e-31

==========================================================================
(2) x-space ghat by eps-continuation of the Mellin integral, vs -2i/(k(k^2+1))
==========================================================================
      k                       x-space ghat                  note ghat    rel.err
  -1.70 (7.32614362535e-17 + 0.302434598518j)    (0.0 + 0.302434598518j)   9.30e-16
  -0.50        (-4.16768185127e-15 + 3.2j)               (0.0 + 3.2j)   1.30e-15
   0.30 (9.85329731257e-15 - 6.11620795107j)     (0.0 - 6.11620795107j)   1.87e-15
   1.00        (-4.24020003027e-16 - 1.0j)               (0.0 - 1.0j)   9.67e-16
   2.50 (2.00152597199e-16 - 0.110344827586j)    (0.0 - 0.110344827586j)   1.86e-15

==========================================================================
(3) metrics assembled from the x-space ingredients (c = 1)
==========================================================================
    g_B  (x-space) =    0.0675474557603   2c/(3 pi^2) =    0.0675474557616   rel = 1.93e-11
    g_KM (x-space) =     0.166666666665   c/6         =     0.166666666667   rel = 8.22e-12
    f_2 = g_B/8    =   0.00844343197003   c/(12 pi^2) =   0.00844343197019
    s_2 = g_KM/2   =    0.0833333333326   c/12        =    0.0833333333333
    s_2/f_2        =       9.8696044012   pi^2 = 9.86960440109
    [152 integrand evaluations, 45.3 s]
