# [kernel_box.out as written by corner_kernel.py, redirected by rigor/ref_p6_5_rerun.py K2r] 2026-10-05 21:01
# K2, box frame (brief sec. 3); command: $PYTHON numerics/networks/corner_kernel.py K2 (background)
# I = (-a, L) = (-1, 2), xi = log((x+a)/(L-x)); corner 1 at x = 0 (xi0 = log(1/2)), corner 2 at p'(Delta) (KERNEL_RESULTS.md
# (C3)), both 'first' kernels with zeta = 1/3, ONE window [xi0 - Lam/2, xi0 + Lam/2] (corner_kernel.box_corner, graded
# mesh of defect_matrix.py, ngl = 12). G(Delta) = g_Q(D1, D2)/zeta^2, R = G(Delta)/G(0).
# Resolved: box modes |kappa_j| <= kappa_max (kappa_j = 4 pi^2 j/Lam) on the window; cut off: |kappa| > kappa_max (weight of
# the diagonal f2 - G(0) printed per box; for Delta > 0 measured by the kappa_max ladder in kernel_box_fits.out) and
# |xi - xi0| > Lam/2 (corner 2 keeps Lam/2 - Delta on its D side; Lam = 60 vs 120 measures it).
# Symbols: [box] eigenbasis of Q_box (compression_box.Q_box), polarised qfi_c2 vs direct sum; where Q_box has eigenvalues
# below machine precision [box] is not evaluable and [win eps] drops the pairs with both eigenvalues < eps or both > 1 - eps
# (a regulator); [line] = q(kappa_j) = 1/(1+e^kappa_j) on the same modes (no eigen-decomposition, no regulator).
# (120,45) window eps = 1e-13: 3528 pairs dropped, min kept W = 9.88e-14
# (120,45) window eps = 1e-12: 4802 pairs dropped, min kept W = 1.03e-12
# (120,45) window eps = 1e-11: 6272 pairs dropped, min kept W = 1.02e-11
(120, 45): N = 273, kappa_max_eff = 44.74, eig(Q_box) in [-1.24e-15, 1 - -4.66e-15] -> [box] NOT resolved
   Delta = 0.0: [line] R = +1.00000000 G/f2 = +0.99617060 (pol 0e+00)  [win] R = +1.00000000 +1.00000000 +1.00000000  7s
   Delta = 0.5: [line] R = +0.90152014 G/f2 = +0.89806786 (pol 0e+00)  [win] R = +0.90152013 +0.90152013 +0.90152013  8s
   Delta = 1.0: [line] R = +0.74905041 G/f2 = +0.74618200 (pol 1e-16)  [win] R = +0.74905040 +0.74905040 +0.74905040  9s
   Delta = 1.5: [line] R = +0.60272873 G/f2 = +0.60042064 (pol 1e-16)  [win] R = +0.60272873 +0.60272873 +0.60272873  10s
   Delta = 2.0: [line] R = +0.47892860 G/f2 = +0.47709459 (pol 1e-16)  [win] R = +0.47892859 +0.47892859 +0.47892859  12s
   Delta = 3.0: [line] R = +0.29563493 G/f2 = +0.29450283 (pol 6e-17)  [win] R = +0.29563493 +0.29563493 +0.29563493  13s
   Delta = 4.0: [line] R = +0.18044165 G/f2 = +0.17975067 (pol 6e-17)  [win] R = +0.18044165 +0.18044165 +0.18044165  14s
   Delta = 5.0: [line] R = +0.10970374 G/f2 = +0.10928364 (pol 6e-17)  [win] R = +0.10970374 +0.10970374 +0.10970374  15s
   Delta = 6.0: [line] R = +0.06660335 G/f2 = +0.06634830 (pol 3e-17)  [win] R = +0.06660335 +0.06660335 +0.06660335  17s
   Delta = 8.0: [line] R = +0.02451559 G/f2 = +0.02442171 (pol 1e-17)  [win] R = +0.02451559 +0.02451559 +0.02451559  18s
   diagonal cut-off weight 1 - G(0)/f2: [line] 3.8294e-03  [box] nan  [win] 3.8294e-03 3.8294e-03 3.8294e-03
saved numerics/networks/kernel_box.npz
