# REF-P6-6 exact corner data (Fractions); kappa from exact jumps of Phi''/Phi' vs Thm 5.2 formula

## 1. VWZ symmetric setup (a,b,b,a): closed forms zeta1=a/b, zeta2=a(a+2b)/(2b(a+b)), zeta3=a/b,
##    e^Delta23 = 1/eta, zeta_eff = 2a/b; eta = a/(a+2b) (VWZ (5.9) with L_A=L_D=a, L_B=L_C=b)
1A a,b=2,19  L=['2', '19', '19', '2'] swallowed=[] C1-defect=0
   x=2 (x/T=0.047619) kappa_jump=0.055263158 kappa_thm52=0.055263158 equal=True zeta=0.105263158 y=-2.995732
1B           L=['2', '19', '19', '2'] swallowed=[] C1-defect=0
   x=2 (x/T=0.047619) kappa_jump=0.055263158 kappa_thm52=0.055263158 equal=True zeta=0.105263158 y=-2.995732
2            L=['2', '19', '19', '2'] swallowed=[] C1-defect=0
   x=2 (x/T=0.047619) kappa_jump=0.052631579 kappa_thm52=0.052631579 equal=True zeta=0.100250627 y=-2.995732
   x=21 (x/T=0.500000) kappa_jump=0.010025063 kappa_thm52=0.010025063 equal=True zeta=0.105263158 y=0.000000
3LR          L=['2', '19', '19', '2'] swallowed=[] C1-defect=0
   x=21 (x/T=0.500000) kappa_jump=0.020050125 kappa_thm52=0.020050125 equal=True zeta=0.210526316 y=0.000000
3RL          L=['2', '19', '19', '2'] swallowed=[] C1-defect=0
   x=21 (x/T=0.500000) kappa_jump=0.020050125 kappa_thm52=0.020050125 equal=True zeta=0.210526316 y=0.000000
  eta=1/20=0.0500: zeta1=2/19 zeta2=40/399 zeta3=2/19 zeta_eff=4/19 Delta23=2.995732 log(1/eta)=2.995732; P21_2=1.907029 2z2z3/z1^2=1.904762; 1B=1A as point maps at 6 points: True; ALL CLOSED FORMS EXACT: True
1A a,b=2,9   L=['2', '9', '9', '2'] swallowed=[] C1-defect=0
   x=2 (x/T=0.090909) kappa_jump=0.122222222 kappa_thm52=0.122222222 equal=True zeta=0.222222222 y=-2.302585
1B           L=['2', '9', '9', '2'] swallowed=[] C1-defect=0
   x=2 (x/T=0.090909) kappa_jump=0.122222222 kappa_thm52=0.122222222 equal=True zeta=0.222222222 y=-2.302585
2            L=['2', '9', '9', '2'] swallowed=[] C1-defect=0
   x=2 (x/T=0.090909) kappa_jump=0.111111111 kappa_thm52=0.111111111 equal=True zeta=0.202020202 y=-2.302585
   x=11 (x/T=0.500000) kappa_jump=0.040404040 kappa_thm52=0.040404040 equal=True zeta=0.222222222 y=0.000000
3LR          L=['2', '9', '9', '2'] swallowed=[] C1-defect=0
   x=11 (x/T=0.500000) kappa_jump=0.080808081 kappa_thm52=0.080808081 equal=True zeta=0.444444444 y=0.000000
3RL          L=['2', '9', '9', '2'] swallowed=[] C1-defect=0
   x=11 (x/T=0.500000) kappa_jump=0.080808081 kappa_thm52=0.080808081 equal=True zeta=0.444444444 y=0.000000
  eta=1/10=0.1000: zeta1=2/9 zeta2=20/99 zeta3=2/9 zeta_eff=4/9 Delta23=2.302585 log(1/eta)=2.302585; P21_2=1.826446 2z2z3/z1^2=1.818182; 1B=1A as point maps at 6 points: True; ALL CLOSED FORMS EXACT: True
1A a,b=6,17  L=['6', '17', '17', '6'] swallowed=[] C1-defect=0
   x=6 (x/T=0.130435) kappa_jump=0.067647059 kappa_thm52=0.067647059 equal=True zeta=0.352941176 y=-1.897120
1B           L=['6', '17', '17', '6'] swallowed=[] C1-defect=0
   x=6 (x/T=0.130435) kappa_jump=0.067647059 kappa_thm52=0.067647059 equal=True zeta=0.352941176 y=-1.897120
2            L=['6', '17', '17', '6'] swallowed=[] C1-defect=0
   x=6 (x/T=0.130435) kappa_jump=0.058823529 kappa_thm52=0.058823529 equal=True zeta=0.306905371 y=-1.897120
   x=23 (x/T=0.500000) kappa_jump=0.030690537 kappa_thm52=0.030690537 equal=True zeta=0.352941176 y=0.000000
3LR          L=['6', '17', '17', '6'] swallowed=[] C1-defect=0
   x=23 (x/T=0.500000) kappa_jump=0.061381074 kappa_thm52=0.061381074 equal=True zeta=0.705882353 y=0.000000
3RL          L=['6', '17', '17', '6'] swallowed=[] C1-defect=0
   x=23 (x/T=0.500000) kappa_jump=0.061381074 kappa_thm52=0.061381074 equal=True zeta=0.705882353 y=0.000000
  eta=3/20=0.1500: zeta1=6/17 zeta2=120/391 zeta3=6/17 zeta_eff=12/17 Delta23=1.897120 log(1/eta)=1.897120; P21_2=1.756144 2z2z3/z1^2=1.739130; 1B=1A as point maps at 6 points: True; ALL CLOSED FORMS EXACT: True
1A a,b=1,2   L=['1', '2', '2', '1'] swallowed=[] C1-defect=0
   x=1 (x/T=0.166667) kappa_jump=0.600000000 kappa_thm52=0.600000000 equal=True zeta=0.500000000 y=-1.609438
1B           L=['1', '2', '2', '1'] swallowed=[] C1-defect=0
   x=1 (x/T=0.166667) kappa_jump=0.600000000 kappa_thm52=0.600000000 equal=True zeta=0.500000000 y=-1.609438
2            L=['1', '2', '2', '1'] swallowed=[] C1-defect=0
   x=1 (x/T=0.166667) kappa_jump=0.500000000 kappa_thm52=0.500000000 equal=True zeta=0.416666667 y=-1.609438
   x=3 (x/T=0.500000) kappa_jump=0.333333333 kappa_thm52=0.333333333 equal=True zeta=0.500000000 y=0.000000
3LR          L=['1', '2', '2', '1'] swallowed=[] C1-defect=0
   x=3 (x/T=0.500000) kappa_jump=0.666666667 kappa_thm52=0.666666667 equal=True zeta=1.000000000 y=0.000000
3RL          L=['1', '2', '2', '1'] swallowed=[] C1-defect=0
   x=3 (x/T=0.500000) kappa_jump=0.666666667 kappa_thm52=0.666666667 equal=True zeta=1.000000000 y=0.000000
  eta=1/5=0.2000: zeta1=1/2 zeta2=5/12 zeta3=1/2 zeta_eff=1 Delta23=1.609438 log(1/eta)=1.609438; P21_2=1.694444 2z2z3/z1^2=1.666667; 1B=1A as point maps at 6 points: True; ALL CLOSED FORMS EXACT: True
1A a,b=6,7   L=['6', '7', '7', '6'] swallowed=[] C1-defect=0
   x=6 (x/T=0.230769) kappa_jump=0.185714286 kappa_thm52=0.185714286 equal=True zeta=0.857142857 y=-1.203973
1B           L=['6', '7', '7', '6'] swallowed=[] C1-defect=0
   x=6 (x/T=0.230769) kappa_jump=0.185714286 kappa_thm52=0.185714286 equal=True zeta=0.857142857 y=-1.203973
2            L=['6', '7', '7', '6'] swallowed=[] C1-defect=0
   x=6 (x/T=0.230769) kappa_jump=0.142857143 kappa_thm52=0.142857143 equal=True zeta=0.659340659 y=-1.203973
   x=13 (x/T=0.500000) kappa_jump=0.131868132 kappa_thm52=0.131868132 equal=True zeta=0.857142857 y=0.000000
3LR          L=['6', '7', '7', '6'] swallowed=[] C1-defect=0
   x=13 (x/T=0.500000) kappa_jump=0.263736264 kappa_thm52=0.263736264 equal=True zeta=1.714285714 y=0.000000
3RL          L=['6', '7', '7', '6'] swallowed=[] C1-defect=0
   x=13 (x/T=0.500000) kappa_jump=0.263736264 kappa_thm52=0.263736264 equal=True zeta=1.714285714 y=0.000000
  eta=3/10=0.3000: zeta1=6/7 zeta2=60/91 zeta3=6/7 zeta_eff=12/7 Delta23=1.203973 log(1/eta)=1.203973; P21_2=1.591716 2z2z3/z1^2=1.538462; 1B=1A as point maps at 6 points: True; ALL CLOSED FORMS EXACT: True
1A a,b=4,3   L=['4', '3', '3', '4'] swallowed=[] C1-defect=0
   x=4 (x/T=0.285714) kappa_jump=0.466666667 kappa_thm52=0.466666667 equal=True zeta=1.333333333 y=-0.916291
1B           L=['4', '3', '3', '4'] swallowed=[] C1-defect=0
   x=4 (x/T=0.285714) kappa_jump=0.466666667 kappa_thm52=0.466666667 equal=True zeta=1.333333333 y=-0.916291
2            L=['4', '3', '3', '4'] swallowed=[] C1-defect=0
   x=4 (x/T=0.285714) kappa_jump=0.333333333 kappa_thm52=0.333333333 equal=True zeta=0.952380952 y=-0.916291
   x=7 (x/T=0.500000) kappa_jump=0.380952381 kappa_thm52=0.380952381 equal=True zeta=1.333333333 y=0.000000
3LR          L=['4', '3', '3', '4'] swallowed=[] C1-defect=0
   x=7 (x/T=0.500000) kappa_jump=0.761904762 kappa_thm52=0.761904762 equal=True zeta=2.666666667 y=0.000000
3RL          L=['4', '3', '3', '4'] swallowed=[] C1-defect=0
   x=7 (x/T=0.500000) kappa_jump=0.761904762 kappa_thm52=0.761904762 equal=True zeta=2.666666667 y=0.000000
  eta=2/5=0.4000: zeta1=4/3 zeta2=20/21 zeta3=4/3 zeta_eff=8/3 Delta23=0.916291 log(1/eta)=0.916291; P21_2=1.510204 2z2z3/z1^2=1.428571; 1B=1A as point maps at 6 points: True; ALL CLOSED FORMS EXACT: True
1A a,b=4,9   L=['4', '9', '9', '4'] swallowed=[] C1-defect=0
   x=4 (x/T=0.153846) kappa_jump=0.131313131 kappa_thm52=0.131313131 equal=True zeta=0.444444444 y=-1.704748
1B           L=['4', '9', '9', '4'] swallowed=[] C1-defect=0
   x=4 (x/T=0.153846) kappa_jump=0.131313131 kappa_thm52=0.131313131 equal=True zeta=0.444444444 y=-1.704748
2            L=['4', '9', '9', '4'] swallowed=[] C1-defect=0
   x=4 (x/T=0.153846) kappa_jump=0.111111111 kappa_thm52=0.111111111 equal=True zeta=0.376068376 y=-1.704748
   x=13 (x/T=0.500000) kappa_jump=0.068376068 kappa_thm52=0.068376068 equal=True zeta=0.444444444 y=0.000000
3LR          L=['4', '9', '9', '4'] swallowed=[] C1-defect=0
   x=13 (x/T=0.500000) kappa_jump=0.136752137 kappa_thm52=0.136752137 equal=True zeta=0.888888889 y=0.000000
3RL          L=['4', '9', '9', '4'] swallowed=[] C1-defect=0
   x=13 (x/T=0.500000) kappa_jump=0.136752137 kappa_thm52=0.136752137 equal=True zeta=0.888888889 y=0.000000
  eta=2/11=0.1818: zeta1=4/9 zeta2=44/117 zeta3=4/9 zeta_eff=8/9 Delta23=1.704748 log(1/eta)=1.704748; P21_2=1.715976 2z2z3/z1^2=1.692308; 1B=1A as point maps at 6 points: True; ALL CLOSED FORMS EXACT: True
1A a,b=1,1   L=['1', '1', '1', '1'] swallowed=[] C1-defect=0
   x=1 (x/T=0.250000) kappa_jump=1.333333333 kappa_thm52=1.333333333 equal=True zeta=1.000000000 y=-1.098612
1B           L=['1', '1', '1', '1'] swallowed=[] C1-defect=0
   x=1 (x/T=0.250000) kappa_jump=1.333333333 kappa_thm52=1.333333333 equal=True zeta=1.000000000 y=-1.098612
2            L=['1', '1', '1', '1'] swallowed=[] C1-defect=0
   x=1 (x/T=0.250000) kappa_jump=1.000000000 kappa_thm52=1.000000000 equal=True zeta=0.750000000 y=-1.098612
   x=2 (x/T=0.500000) kappa_jump=1.000000000 kappa_thm52=1.000000000 equal=True zeta=1.000000000 y=0.000000
3LR          L=['1', '1', '1', '1'] swallowed=[] C1-defect=0
   x=2 (x/T=0.500000) kappa_jump=2.000000000 kappa_thm52=2.000000000 equal=True zeta=2.000000000 y=0.000000
3RL          L=['1', '1', '1', '1'] swallowed=[] C1-defect=0
   x=2 (x/T=0.500000) kappa_jump=2.000000000 kappa_thm52=2.000000000 equal=True zeta=2.000000000 y=0.000000
  eta=1/3=0.3333: zeta1=1 zeta2=3/4 zeta3=1 zeta_eff=2 Delta23=1.098612 log(1/eta)=1.098612; P21_2=1.562500 2z2z3/z1^2=1.500000; 1B=1A as point maps at 6 points: True; ALL CLOSED FORMS EXACT: True
1A a,b=12,7  L=['12', '7', '7', '12'] swallowed=[] C1-defect=0
   x=12 (x/T=0.315789) kappa_jump=0.208791209 kappa_thm52=0.208791209 equal=True zeta=1.714285714 y=-0.773190
1B           L=['12', '7', '7', '12'] swallowed=[] C1-defect=0
   x=12 (x/T=0.315789) kappa_jump=0.208791209 kappa_thm52=0.208791209 equal=True zeta=1.714285714 y=-0.773190
2            L=['12', '7', '7', '12'] swallowed=[] C1-defect=0
   x=12 (x/T=0.315789) kappa_jump=0.142857143 kappa_thm52=0.142857143 equal=True zeta=1.172932331 y=-0.773190
   x=19 (x/T=0.500000) kappa_jump=0.180451128 kappa_thm52=0.180451128 equal=True zeta=1.714285714 y=0.000000
3LR          L=['12', '7', '7', '12'] swallowed=[] C1-defect=0
   x=19 (x/T=0.500000) kappa_jump=0.360902256 kappa_thm52=0.360902256 equal=True zeta=3.428571429 y=0.000000
3RL          L=['12', '7', '7', '12'] swallowed=[] C1-defect=0
   x=19 (x/T=0.500000) kappa_jump=0.360902256 kappa_thm52=0.360902256 equal=True zeta=3.428571429 y=0.000000
  eta=6/13=0.4615: zeta1=12/7 zeta2=156/133 zeta3=12/7 zeta_eff=24/7 Delta23=0.773190 log(1/eta)=0.773190; P21_2=1.468144 2z2z3/z1^2=1.368421; 1B=1A as point maps at 6 points: True; ALL CLOSED FORMS EXACT: True

## 2. REF-P6-0 geometry (1.3, 2.1, 0.9, 1.7) and Ex. 5.6
U            L=['13/10', '21/10', '9/10', '17/10'] swallowed=[] C1-defect=0
   x=5633/1760 (x/T=0.533428) kappa_jump=0.973669297 kappa_thm52=0.973669297 equal=True zeta=1.453975883 y=0.133912
   x=43/10 (x/T=0.716667) kappa_jump=0.201550388 kappa_thm52=0.201550388 equal=True zeta=0.245555556 y=0.927987
Ud           L=['13/10', '21/10', '9/10', '17/10'] swallowed=[2] C1-defect=0
   x=1383/536 (x/T=0.430037) kappa_jump=0.839874518 kappa_thm52=0.839874518 equal=True zeta=1.235145784 y=-0.281699
3LR          L=['13/10', '21/10', '9/10', '17/10'] swallowed=[] C1-defect=0
   x=17/5 (x/T=0.566667) kappa_jump=1.817137111 kappa_thm52=1.817137111 equal=True zeta=2.677248677 y=0.268264
  sigma_1 = 1.452991; naive (H) zeta at p_3 = sigma_1 beta_I(p_3) = 2.140741; U modular separation 0.794075
SW (1,1,1)   L=['1', '1', '1'] swallowed=[1] C1-defect=0
   x=2 (x/T=0.666667) kappa_jump=1.000000000 kappa_thm52=1.000000000 equal=True zeta=0.666666667 y=0.693147
S2 (1,1,1)   L=['1', '1', '1'] swallowed=[] C1-defect=0
   x=2 (x/T=0.666667) kappa_jump=1.000000000 kappa_thm52=1.000000000 equal=True zeta=0.666666667 y=0.693147

## 3. L->R chains (def:LR): zeta^(I), zeta_step (frame (p_1, p_{k+2})), 1+z', lem:ampl and lem:LRdata
LR4          L=['8', '4', '2', '1'] swallowed=[] C1-defect=0
   x=8 (x/T=0.533333) kappa_jump=0.166666667 kappa_thm52=0.166666667 equal=True zeta=0.622222222 y=0.133531
   x=12 (x/T=0.800000) kappa_jump=0.333333333 kappa_thm52=0.333333333 equal=True zeta=0.800000000 y=1.386294
  zeta^(I)=['0.6222', '0.8000'] zeta_step=['0.5714', '0.8000'] 1+z'=['1.0889', '1.0000'] Delta_k=['1.2528']; lem:ampl, eq:LR1, kappa_k exact: True
LR5          L=['16', '8', '4', '2', '1'] swallowed=[] C1-defect=0
   x=16 (x/T=0.516129) kappa_jump=0.083333333 kappa_thm52=0.083333333 equal=True zeta=0.645161290 y=0.064539
   x=24 (x/T=0.774194) kappa_jump=0.166666667 kappa_thm52=0.166666667 equal=True zeta=0.903225806 y=1.232144
   x=28 (x/T=0.903226) kappa_jump=0.333333333 kappa_thm52=0.333333333 equal=True zeta=0.903225806 y=2.233592
  zeta^(I)=['0.6452', '0.9032', '0.9032'] zeta_step=['0.5714', '0.8000', '0.9032'] 1+z'=['1.1290', '1.1290', '1.0000'] Delta_k=['1.1676', '1.0014']; lem:ampl, eq:LR1, kappa_k exact: True
LR6          L=['32', '16', '8', '4', '2', '1'] swallowed=[] C1-defect=0
   x=32 (x/T=0.507937) kappa_jump=0.041666667 kappa_thm52=0.041666667 equal=True zeta=0.656084656 y=0.031749
   x=48 (x/T=0.761905) kappa_jump=0.083333333 kappa_thm52=0.083333333 equal=True zeta=0.952380952 y=1.163151
   x=56 (x/T=0.888889) kappa_jump=0.166666667 kappa_thm52=0.166666667 equal=True zeta=1.037037037 y=2.079442
   x=60 (x/T=0.952381) kappa_jump=0.333333333 kappa_thm52=0.333333333 equal=True zeta=0.952380952 y=2.995732
  zeta^(I)=['0.6561', '0.9524', '1.0370', '0.9524'] zeta_step=['0.5714', '0.8000', '0.9032', '0.9524'] 1+z'=['1.1481', '1.1905', '1.1481', '1.0000'] Delta_k=['1.1314', '0.9163', '0.9163']; lem:ampl, eq:LR1, kappa_k exact: True
LR4          L=['27', '9', '3', '1'] swallowed=[] C1-defect=0
   x=27 (x/T=0.675000) kappa_jump=0.055555556 kappa_thm52=0.055555556 equal=True zeta=0.487500000 y=0.730888
   x=36 (x/T=0.900000) kappa_jump=0.166666667 kappa_thm52=0.166666667 equal=True zeta=0.600000000 y=2.197225
  zeta^(I)=['0.4875', '0.6000'] zeta_step=['0.4615', '0.6000'] 1+z'=['1.0562', '1.0000'] Delta_k=['1.4663']; lem:ampl, eq:LR1, kappa_k exact: True
LR5          L=['81', '27', '9', '3', '1'] swallowed=[] C1-defect=0
   x=81 (x/T=0.669421) kappa_jump=0.018518519 kappa_thm52=0.018518519 equal=True zeta=0.495867769 y=0.705570
   x=108 (x/T=0.892562) kappa_jump=0.055555556 kappa_thm52=0.055555556 equal=True zeta=0.644628099 y=2.117182
   x=117 (x/T=0.966942) kappa_jump=0.166666667 kappa_thm52=0.166666667 equal=True zeta=0.644628099 y=3.375880
  zeta^(I)=['0.4959', '0.6446', '0.6446'] zeta_step=['0.4615', '0.6000', '0.6446'] 1+z'=['1.0744', '1.0744', '1.0000'] Delta_k=['1.4116', '1.2587']; lem:ampl, eq:LR1, kappa_k exact: True
LR3          L=['1', '1', '1'] swallowed=[] C1-defect=0
   x=1 (x/T=0.333333) kappa_jump=1.000000000 kappa_thm52=1.000000000 equal=True zeta=0.666666667 y=-0.693147
  zeta^(I)=['0.6667'] zeta_step=['0.6667'] 1+z'=['1.0000'] Delta_k=[]; lem:ampl, eq:LR1, kappa_k exact: True
LR4          L=['1', '1', '1', '1'] swallowed=[] C1-defect=0
   x=1 (x/T=0.250000) kappa_jump=1.000000000 kappa_thm52=1.000000000 equal=True zeta=0.750000000 y=-1.098612
   x=2 (x/T=0.500000) kappa_jump=1.000000000 kappa_thm52=1.000000000 equal=True zeta=1.000000000 y=0.000000
  zeta^(I)=['0.7500', '1.0000'] zeta_step=['0.6667', '1.0000'] 1+z'=['1.1250', '1.0000'] Delta_k=['1.0986']; lem:ampl, eq:LR1, kappa_k exact: True
LR5          L=['1', '1', '1', '1', '1'] swallowed=[] C1-defect=0
   x=1 (x/T=0.200000) kappa_jump=1.000000000 kappa_thm52=1.000000000 equal=True zeta=0.800000000 y=-1.386294
   x=2 (x/T=0.400000) kappa_jump=1.000000000 kappa_thm52=1.000000000 equal=True zeta=1.200000000 y=-0.405465
   x=3 (x/T=0.600000) kappa_jump=1.000000000 kappa_thm52=1.000000000 equal=True zeta=1.200000000 y=0.405465
  zeta^(I)=['0.8000', '1.2000', '1.2000'] zeta_step=['0.6667', '1.0000', '1.2000'] 1+z'=['1.2000', '1.2000', '1.0000'] Delta_k=['0.9808', '0.8109']; lem:ampl, eq:LR1, kappa_k exact: True
LR6          L=['1', '1', '1', '1', '1', '1'] swallowed=[] C1-defect=0
   x=1 (x/T=0.166667) kappa_jump=1.000000000 kappa_thm52=1.000000000 equal=True zeta=0.833333333 y=-1.609438
   x=2 (x/T=0.333333) kappa_jump=1.000000000 kappa_thm52=1.000000000 equal=True zeta=1.333333333 y=-0.693147
   x=3 (x/T=0.500000) kappa_jump=1.000000000 kappa_thm52=1.000000000 equal=True zeta=1.500000000 y=0.000000
   x=4 (x/T=0.666667) kappa_jump=1.000000000 kappa_thm52=1.000000000 equal=True zeta=1.333333333 y=0.693147
  zeta^(I)=['0.8333', '1.3333', '1.5000', '1.3333'] zeta_step=['0.6667', '1.0000', '1.2000', '1.3333'] 1+z'=['1.2500', '1.3333', '1.2500', '1.0000'] Delta_k=['0.9163', '0.6931', '0.6931']; lem:ampl, eq:LR1, kappa_k exact: True
