# N4 -- numerics/networks/lattice_chain.py N4 (run from the repository root cft_cmi/).
# Discretisation: the lattice model itself, computed exactly in Gaussian form (every one-particle mode of
# every block kept; no truncation, no taper, flint ball arithmetic at bits_for(n)+200); the lattice
# spacing is the only regulator, and its effect is the resolution dependence measured below (no
# regulator-free discretisation exists for a lattice model; continuum statements are compared after
# extrapolation in n).  Raw data (one line per run, with the normalisation defect nrm):
#   numerics/networks/vwz_A.raw     <- $PYTHON numerics/networks/lattice_chain.py sweep e015
#   numerics/networks/vwz_B.raw     <- $PYTHON numerics/networks/lattice_chain.py sweep e005,e010
#   numerics/networks/vwz_C.raw     <- $PYTHON numerics/networks/lattice_chain.py sweep e020,e030,e040,m010,m020,m030
#   numerics/networks/vwz_G.raw     <- $PYTHON numerics/networks/lattice_chain.py sweep m020x,e030x,m010x,m030x
#   numerics/networks/chains_D.raw  <- $PYTHON numerics/networks/lattice_chain.py chains sw,eq3,eq4,eq5,eq6,n4r2
#   numerics/networks/chains_E.raw  <- $PYTHON numerics/networks/lattice_chain.py chains ref
#   numerics/networks/chains_F.raw  <- $PYTHON numerics/networks/lattice_chain.py chains n5r2,n4r3,n6r2,n5r3
#   numerics/networks/chains_H.raw  <- $PYTHON numerics/networks/lattice_chain.py chains eq3x,n4r2x
#   numerics/networks/chains_I.raw  <- $PYTHON numerics/networks/lattice_chain.py chains n6r2x
# Fit rules: NFIT = 4 finest resolutions, TOL_FIT = 1e-04 (fixed before the runs); see NETWORK_RESULTS.md.
# N4: L->R Petz chains (def:LR, lem:LRdata), geometric lengths l_{k+1}/l_k = r, ordinary Petz.
# Phi_tot = lattice -log F (two chiralities); S2 = 2 f2 sum_k (zeta_k^(I))^2 (second order, no cross
# terms); SA = 2 sum_k Phi_A(zeta_k^(I)) (all orders, no cross terms); Sstep = sum_k Phi_step (lattice
# single steps = Theorem-A triples (A_1..A_{k-1}|A_k|A_{k+1})); Samp = 2 sum_k Phi_A(zeta_step,k) is
# what Sstep tends to; lem:ampl: zeta^(I) = zeta_step (1 + z'); W6 (Cor 12.7, second order):
# Phi_tot <= 2 f2 (sum_k zeta_k^(I))^2 =: SW6; all-orders analogue SW6A = 2 (sum_k sqrt(Phi_A(zeta_k)))^2.

n4r2 lengths (8, 4, 2, 1) x m: zeta^(I) = ['0.6222', '0.8000'], zeta_step = ['0.5714', '0.8000'], 1+z' = ['1.0889', '1.0000'], Delta_k = ['1.2528']; flags ['gap']
  S2 = 1.734552e-02  SA = 9.612531e-03  Samp = 9.140789e-03  SW6 = 3.415733e-02  SW6A = 1.905405e-02
    m    n         Phi_tot           Sstep    tot/S2    tot/SA  tot/Sstp Sstp/Samp   tot/SW6  tot/SW6A
    1   15 1.851113950e-02 1.333718994e-02   1.06720   1.92573   1.38793   1.45909   0.54194   0.97151
    2   30 1.445477570e-02 9.829288561e-03   0.83334   1.50374   1.47058   1.07532   0.42318   0.75862
    3   45 1.404144768e-02 9.495503091e-03   0.80951   1.46074   1.47875   1.03881   0.41108   0.73693
    4   60 1.393140538e-02 9.411128781e-03   0.80317   1.44930   1.48031   1.02958   0.40786   0.73115
    6   90 1.384377870e-02 9.345108698e-03   0.79812   1.44018   1.48139   1.02235   0.40529   0.72655
    8  120 1.380518430e-02 9.316309885e-03   0.79589   1.43617   1.48183   1.01920   0.40416   0.72453
   10  150 1.378351113e-02 9.300218540e-03   0.79464   1.43391   1.48206   1.01744   0.40353   0.72339
   12  180 1.376965999e-02 9.289969174e-03   0.79385   1.43247   1.48221   1.01632   0.40312   0.72266
  Phi_tot/S2                         n=[15, 30, 45, 60, 90, 120, 150, 180]
    values: 1.0672000627 0.8333434868 0.8095143921 0.8031702580 0.7981184246 0.7958933888 0.7946438921 0.7938453496
    stable digits (two finest): 0.79
    fits: 1/L: 0.789521 res=5.3e-05 ADM dof=2 ; logL: -- res=2.6e-04 rej dof=2 b=-6.189e-03; 1/L,1/L^2: 0.790279 res=3.4e-07 ADM dof=1 ; h^p: 0.790710 res=2.1e-06 ADM dof=1 p=1.24
    => extrapolated 0.790170 +- 1.2e-03 (spread of admissible fits)
  Phi_tot/SA                         n=[15, 30, 45, 60, 90, 120, 150, 180]
    values: 1.9257300846 1.5037429994 1.4607441222 1.4492963250 1.4401804451 1.4361654356 1.4339107569 1.4324698111
    stable digits (two finest): 1.43
    fits: 1/L: 1.424667 res=9.6e-05 ADM dof=2 ; logL: -- res=4.7e-04 rej dof=2 b=-1.117e-02; 1/L,1/L^2: 1.426035 res=6.2e-07 ADM dof=1 ; h^p: 1.426812 res=3.8e-06 ADM dof=1 p=1.24
    => extrapolated 1.425838 +- 2.1e-03 (spread of admissible fits)
  Phi_tot/Sstep                      n=[15, 30, 45, 60, 90, 120, 150, 180]
    values: 1.3879340090 1.4705820888 1.4787471020 1.4803118414 1.4813930096 1.4818296588 1.4820631440 1.4822072859
    stable digits (two finest): 1.482
    fits: 1/L: 1.483039 res=1.8e-05 ADM dof=2 ; logL: -- res=5.7e-05 ADM dof=2 b=1.179e-03; 1/L,1/L^2: 1.482786 res=1.0e-07 ADM dof=1 ; h^p: 1.482687 res=6.4e-07 ADM dof=1 p=1.43  [logL also admissible: divergence not excluded]
    => extrapolated 1.482837 +- 3.5e-04 (spread of admissible fits)
  Sstep/Samp                         n=[15, 30, 45, 60, 90, 120, 150, 180]
    values: 1.4590852282 1.0753216988 1.0388056522 1.0295751239 1.0223525435 1.0192019605 1.0174415714 1.0163202933
    stable digits (two finest): 1.01
    fits: 1/L: 1.010210 res=8.1e-05 ADM dof=2 ; logL: -- res=3.7e-04 rej dof=2 b=-8.736e-03; 1/L,1/L^2: 1.011362 res=5.3e-07 ADM dof=1 ; h^p: 1.011999 res=3.3e-06 ADM dof=1 p=1.26
    => extrapolated 1.011191 +- 1.8e-03 (spread of admissible fits)

n5r2 lengths (16, 8, 4, 2, 1) x m: zeta^(I) = ['0.6452', '0.9032', '0.9032'], zeta_step = ['0.5714', '0.8000', '0.9032'], 1+z' = ['1.1290', '1.1290', '1.0000'], Delta_k = ['1.1676', '1.0014']; flags ['gap']
  S2 = 3.458205e-02  SA = 1.784142e-02  Samp = 1.599980e-02  SW6 = 1.014969e-01  SW6A = 5.283194e-02
    m    n         Phi_tot           Sstep    tot/S2    tot/SA  tot/Sstp Sstp/Samp   tot/SW6  tot/SW6A
    1   31 3.583842283e-02 2.097507255e-02   1.03633   2.00872   1.70862   1.31096   0.35310   0.67835
    2   62 3.070577479e-02 1.695001820e-02   0.88791   1.72104   1.81155   1.05939   0.30253   0.58120
    3   93 3.013655316e-02 1.653942647e-02   0.87145   1.68913   1.82210   1.03373   0.29692   0.57042
  Phi_tot/S2                         n=[31, 62, 93]
    values: 1.0363302577 0.8879108228 0.8714507905
    stable digits (two finest): 0.8
    fits: 1/L: 0.773774 res=1.5e-02 rej dof=1 ; logL: -- res=2.9e-02 rej dof=1 b=-1.570e-01; 1/L,1/L^2: 0.888050 res=1.1e-15 ADM dof=0 ; h^p: 0.863827 res=7.9e-06 ADM dof=0 p=2.84
    => extrapolated 0.875939 +- 2.4e-02 (spread of admissible fits)
  Phi_tot/SA                         n=[31, 62, 93]
    values: 2.0087202085 1.7210386359 1.6891341351
    stable digits (two finest): 1
    fits: 1/L: 1.499808 res=3.0e-02 rej dof=1 ; logL: -- res=5.6e-02 rej dof=1 b=-3.043e-01; 1/L,1/L^2: 1.721309 res=1.8e-15 ADM dof=0 ; h^p: 1.674357 res=1.5e-05 ADM dof=0 p=2.84
    => extrapolated 1.697833 +- 4.7e-02 (spread of admissible fits)
  Phi_tot/Sstep                      n=[31, 62, 93]
    values: 1.7086197314 1.8115481901 1.8221038809
    stable digits (two finest): 1.8
    fits: 1/L: 1.889809 res=1.1e-02 rej dof=1 ; logL: -- res=2.0e-02 rej dof=1 b=1.082e-01; 1/L,1/L^2: 1.807585 res=2.0e-15 ADM dof=0 ; h^p: 1.826614 res=6.8e-06 ADM dof=0 p=2.97
    => extrapolated 1.817099 +- 1.9e-02 (spread of admissible fits)
  Sstep/Samp                         n=[31, 62, 93]
    values: 1.3109583573 1.0593893279 1.0337270255
    stable digits (two finest): 1.0
    fits: 1/L: 0.868253 res=2.7e-02 rej dof=1 ; logL: -- res=5.0e-02 rej dof=1 b=-2.643e-01; 1/L,1/L^2: 1.069693 res=1.3e-15 ADM dof=0 ; h^p: 1.022844 res=2.8e-05 ADM dof=0 p=2.98
    => extrapolated 1.046269 +- 4.7e-02 (spread of admissible fits)

n6r2 lengths (32, 16, 8, 4, 2, 1) x m: zeta^(I) = ['0.6561', '0.9524', '1.0370', '0.9524'], zeta_step = ['0.5714', '0.8000', '0.9032', '0.9524'], 1+z' = ['1.1481', '1.1905', '1.1481', '1.0000'], Delta_k = ['1.1314', '0.9163', '0.9163']; flags ['gap']
  S2 = 5.606358e-02  SA = 2.754504e-02  Samp = 2.343117e-02  SW6 = 2.185965e-01  SW6A = 1.084940e-01
    m    n         Phi_tot           Sstep    tot/S2    tot/SA  tot/Sstp Sstp/Samp   tot/SW6  tot/SW6A
    1   63 5.648758197e-02 2.887640375e-02   1.00756   2.05074   1.95618   1.23239   0.25841   0.52065
    2  126 5.069345975e-02 2.457167686e-02   0.90421   1.84038   2.06309   1.04867   0.23190   0.46725
    3  189 5.002013618e-02 2.411353404e-02   0.89220   1.81594   2.07436   1.02912   0.22882   0.46104
  Phi_tot/S2                         n=[63, 126, 189]
    values: 1.0075629642 0.9042138251 0.8922038246
    stable digits (two finest): none
    fits: 1/L: 0.824167 res=1.0e-02 rej dof=1 ; logL: -- res=2.0e-02 rej dof=1 b=-1.098e-01; 1/L,1/L^2: 0.901843 res=1.1e-16 ADM dof=0 ; h^p: 0.886442 res=1.5e-05 ADM dof=0 p=2.77
    => extrapolated 0.894143 +- 1.5e-02 (spread of admissible fits)
  Phi_tot/SA                         n=[63, 126, 189]
    values: 2.0507354948 1.8403846232 1.8159401613
    stable digits (two finest): 1.8
    fits: 1/L: 1.677463 res=2.1e-02 rej dof=1 ; logL: -- res=4.1e-02 rej dof=1 b=-2.234e-01; 1/L,1/L^2: 1.835560 res=4.4e-16 ADM dof=0 ; h^p: 1.804212 res=3.1e-05 ADM dof=0 p=2.77
    => extrapolated 1.819886 +- 3.1e-02 (spread of admissible fits)
  Phi_tot/Sstep                      n=[63, 126, 189]
    values: 1.9561847958 2.0630850727 2.0743594076
    stable digits (two finest): 2.0
    fits: 1/L: 2.144689 res=1.1e-02 rej dof=1 ; logL: -- res=2.1e-02 rej dof=1 b=1.126e-01; 1/L,1/L^2: 2.060369 res=4.4e-16 ADM dof=0 ; h^p: 2.079349 res=9.6e-06 ADM dof=0 p=2.92
    => extrapolated 2.069859 +- 1.9e-02 (spread of admissible fits)
  Sstep/Samp                         n=[63, 126, 189]
    values: 1.2323927226 1.0486747592 1.0291220514
    stable digits (two finest): 1.0
    fits: 1/L: 0.908247 res=1.9e-02 rej dof=1 ; logL: -- res=3.6e-02 rej dof=1 b=-1.936e-01; 1/L,1/L^2: 1.052547 res=2.2e-16 ADM dof=0 ; h^p: 1.020467 res=1.1e-05 ADM dof=0 p=2.91
    => extrapolated 1.036507 +- 3.2e-02 (spread of admissible fits)

n4r3 lengths (27, 9, 3, 1) x m: zeta^(I) = ['0.4875', '0.6000'], zeta_step = ['0.4615', '0.6000'], 1+z' = ['1.0562', '1.0000'], Delta_k = ['1.4663']; flags ['gap', 'tab']
  S2 = 1.009254e-02  SA = 6.346340e-03  Samp = 6.109476e-03  SW6 = 1.997136e-02  SW6A = 1.260635e-02
    m    n         Phi_tot           Sstep    tot/S2    tot/SA  tot/Sstp Sstp/Samp   tot/SW6  tot/SW6A
    1   40 1.025469061e-02 7.151403259e-03   1.01607   1.61584   1.43394   1.17054   0.51347   0.81345
    2   80 9.254282404e-03 6.320166146e-03   0.91694   1.45821   1.46425   1.03449   0.46338   0.73410
    3  120 9.155035052e-03 6.246104473e-03   0.90711   1.44257   1.46572   1.02236   0.45841   0.72622
  Phi_tot/S2                         n=[40, 80, 120]
    values: 1.0160664048 0.9169428716 0.9071091375
    stable digits (two finest): 0.9
    fits: 1/L: 0.841919 res=1.1e-02 rej dof=1 ; logL: -- res=2.0e-02 rej dof=1 b=-1.039e-01; 1/L,1/L^2: 0.922253 res=5.6e-16 ADM dof=0 ; h^p: 0.903009 res=3.9e-06 ADM dof=0 p=3.02
    => extrapolated 0.912631 +- 1.9e-02 (spread of admissible fits)
  Phi_tot/SA                         n=[40, 80, 120]
    values: 1.6158431738 1.4582077242 1.4425692070
    stable digits (two finest): 1.4
    fits: 1/L: 1.338898 res=1.7e-02 rej dof=1 ; logL: -- res=3.1e-02 rej dof=1 b=-1.652e-01; 1/L,1/L^2: 1.466652 res=1.1e-15 ADM dof=0 ; h^p: 1.436049 res=6.3e-06 ADM dof=0 p=3.02
    => extrapolated 1.451351 +- 3.1e-02 (spread of admissible fits)
  Phi_tot/Sstep                      n=[40, 80, 120]
    values: 1.4339410372 1.4642466971 1.4657191682
    stable digits (two finest): 1.46
    fits: 1/L: 1.485591 res=4.0e-03 rej dof=1 ; logL: -- res=6.7e-03 rej dof=1 b=3.052e-02; 1/L,1/L^2: 1.455720 res=1.1e-15 ADM dof=0 ; h^p: 1.466188 res=7.4e-05 ADM dof=0 p=4.00
    => extrapolated 1.460954 +- 1.0e-02 (spread of admissible fits)
  Sstep/Samp                         n=[40, 80, 120]
    values: 1.1705428012 1.0344857809 1.0223633547
    stable digits (two finest): 1.0
    fits: 1/L: 0.932937 res=1.5e-02 rej dof=1 ; logL: -- res=2.8e-02 rej dof=1 b=-1.415e-01; 1/L,1/L^2: 1.047963 res=6.7e-16 ADM dof=0 ; h^p: 1.017758 res=1.4e-05 ADM dof=0 p=3.19
    => extrapolated 1.032861 +- 3.0e-02 (spread of admissible fits)

n5r3 lengths (81, 27, 9, 3, 1) x m: zeta^(I) = ['0.4959', '0.6446', '0.6446'], zeta_step = ['0.4615', '0.6000', '0.6446'], 1+z' = ['1.0744', '1.0744', '1.0000'], Delta_k = ['1.4116', '1.2587']; flags ['gap', 'tab']
  S2 = 1.818674e-02  SA = 1.096635e-02  Samp = 1.022772e-02  SW6 = 5.381282e-02  SW6A = 3.261461e-02
    m    n         Phi_tot           Sstep    tot/S2    tot/SA  tot/Sstp Sstp/Samp   tot/SW6  tot/SW6A
    1  121 2.003314883e-02 1.144727915e-02   1.10152   1.82678   1.75004   1.11924   0.37227   0.61424
  one resolution only: no extrapolation

  chordal n4r2 n=15: d_B(tot)/sum_k d_B(step) = 0.851896
  chordal n4r2 n=30: d_B(tot)/sum_k d_B(step) = 0.864345
  chordal n4r2 n=45: d_B(tot)/sum_k d_B(step) = 0.865664
  chordal n4r2 n=60: d_B(tot)/sum_k d_B(step) = 0.865931
  chordal n4r2 n=90: d_B(tot)/sum_k d_B(step) = 0.866120
  chordal n4r2 n=120: d_B(tot)/sum_k d_B(step) = 0.866197
  chordal n4r2 n=150: d_B(tot)/sum_k d_B(step) = 0.866239
  chordal n4r2 n=180: d_B(tot)/sum_k d_B(step) = 0.866264
  chordal n5r2 n=31: d_B(tot)/sum_k d_B(step) = 0.769353
  chordal n5r2 n=62: d_B(tot)/sum_k d_B(step) = 0.781561
  chordal n5r2 n=93: d_B(tot)/sum_k d_B(step) = 0.783018
  chordal n6r2 n=63: d_B(tot)/sum_k d_B(step) = 0.707208
  chordal n6r2 n=126: d_B(tot)/sum_k d_B(step) = 0.718538
  chordal n6r2 n=189: d_B(tot)/sum_k d_B(step) = 0.719943
  chordal n4r3 n=40: d_B(tot)/sum_k d_B(step) = 0.855685
  chordal n4r3 n=80: d_B(tot)/sum_k d_B(step) = 0.859861
  chordal n4r3 n=120: d_B(tot)/sum_k d_B(step) = 0.859989
  chordal n5r3 n=121: d_B(tot)/sum_k d_B(step) = 0.769447
  chordal eq4 n=16: d_B(tot)/sum_k d_B(step) = 0.863078
  chordal eq4 n=24: d_B(tot)/sum_k d_B(step) = 0.867915
  chordal eq4 n=32: d_B(tot)/sum_k d_B(step) = 0.868901
  chordal eq4 n=40: d_B(tot)/sum_k d_B(step) = 0.869292
  chordal eq4 n=48: d_B(tot)/sum_k d_B(step) = 0.869504
  chordal eq5 n=20: d_B(tot)/sum_k d_B(step) = 0.780288
  chordal eq5 n=30: d_B(tot)/sum_k d_B(step) = 0.786093
  chordal eq5 n=40: d_B(tot)/sum_k d_B(step) = 0.787402
  chordal eq5 n=50: d_B(tot)/sum_k d_B(step) = 0.787962
  chordal eq5 n=60: d_B(tot)/sum_k d_B(step) = 0.788280
  chordal eq6 n=24: d_B(tot)/sum_k d_B(step) = 0.717149
  chordal eq6 n=36: d_B(tot)/sum_k d_B(step) = 0.723203
  chordal eq6 n=48: d_B(tot)/sum_k d_B(step) = 0.724656
  chordal eq6 n=60: d_B(tot)/sum_k d_B(step) = 0.725303
  chordal eq6 n=72: d_B(tot)/sum_k d_B(step) = 0.725678
Chordal bound (Thm 12.6) over 33 multi-step (chain, n) rows: max d_B(tot)/sum d_B(step) = 0.869504 (theorem: <= 1; one-step chains are equalities)
