# ref_p6_4_kernel.out -- referee REF-P6-4, produced by rigor/ref_p6_4_kernel.py (methods, tolerances: docstring)
## V validation on exactly known integrals (tol 1e-12)
V1 D=0.5  int_0^inf cos(qD)/(1+q^2) dq - (pi/2)e^-D = +3.33e-16
V1 D=3.0  int_0^inf cos(qD)/(1+q^2) dq - (pi/2)e^-D = -2.78e-17
V2 Q=20  int_0^inf R(q) dq - 2 = -8.88e-16   (i.e. Ghat(0) = 1/(12 pi^2) = f2/c)
V2 Q=40  int_0^inf R(q) dq - 2 = -8.88e-16   (i.e. Ghat(0) = 1/(12 pi^2) = f2/c)
V2 Q=80  int_0^inf R(q) dq - 2 = -8.88e-16   (i.e. Ghat(0) = 1/(12 pi^2) = f2/c)
V3 Fourier convention: int_0^inf sin(pz)/sinh(z/2) dz - pi tanh(pi p), p=0.3: +4.44e-16
V3 Fourier convention: int_0^inf sin(pz)/sinh(z/2) dz - pi tanh(pi p), p=1.1: +0.00e+00
V max |dev| = 8.88e-16 -> PASS
## P Ghat(D)/Ghat(0): QG (Q = 20, 40, 80) vs closed form CF vs series SR (tol QG 1e-08 rel. Ghat(0); SR 1e-12)
#  D      CF/G0                 QG40/G0 - CF/G0   QG80-QG20 (/G0)   SR/G0 - CF/G0   (N terms)
  0.5    0.898386580099973   +3.08e-16         +4.11e-16         -2.47e-51       208
  1      0.745615141121157   -6.16e-16         -1.03e-16         +8.66e-51       105
  1.5    0.600745363582704   -3.08e-16         -3.08e-16         +0.00e+00       70
  2      0.476960337995355   +4.11e-16         +2.05e-16         +3.71e-51       53
  3      0.294523053439204   +5.14e-17         +1.54e-16         -4.95e-51       36
  4      0.179784303566026   +2.57e-17         -5.14e-17         +3.09e-51       27
  5      0.109299033378915   +3.85e-17         +5.14e-17         -6.34e-51       22
  6      0.066349836879668   -1.41e-16         -1.41e-16         +4.82e-50       18
  8      0.024419213316489   +6.42e-18         +7.70e-17         +4.97e-49       14
P max|QG - CF|/G0 = 7.19e-16 (tol 1e-08) -> PASS;  max|SR - CF|/G0 = 4.97e-49 (tol 1e-12) -> PASS
## R rho(q) from the p-integral (1/4) int |dhat0(p,p-q)|^2/W(p,p-q) dp vs tanh(pi q)/(48 pi^2 q (1+q^2)) (tol 1e-10 rel.)
R q=0.1  p-integral = 6.357991903145770e-03  formula = 6.357991903145770e-03  rel.dev = 2.7e-51
R q=0.5  p-integral = 3.097565341004764e-03  formula = 3.097565341004764e-03  rel.dev = 2.7e-51
R q=1.0  p-integral = 1.051494437421831e-03  formula = 1.051494437421831e-03  rel.dev = 0.0e+00
R q=2.0  p-integral = 2.110843270031075e-04  formula = 2.110843270031075e-04  rel.dev = 2.7e-51
R q=5.0  p-integral = 1.623736917345083e-05  formula = 1.623736917345083e-05  rel.dev = 2.7e-51
R max rel.dev = 2.67e-51 -> PASS
## K dhat0(p,p') by direct 2-D quadrature of (2pi)^-1 int int e^{ipy} D(y,y') e^{-ip'y'} vs T4(c) (tol 1e-09 abs.)
K p=+0.40 p'=-0.10  direct(n=24) = +0.044092941795 +0.0e+00i  |n24-n16| = 6.9e-18  T4(c) = +0.044092941795  |dev| = 6.9e-18  -T4(c) dev = 8.8e-02
K p=+1.20 p'=+0.30  direct(n=24) = +0.019240673478 +0.0e+00i  |n24-n16| = 3.5e-18  T4(c) = +0.019240673478  |dev| = 6.9e-18  -T4(c) dev = 3.8e-02
K p=-0.90 p'=+0.60  direct(n=24) = -0.009539278886 +0.0e+00i  |n24-n16| = 5.2e-18  T4(c) = -0.009539278886  |dev| = 0.0e+00  -T4(c) dev = 1.9e-02
K p=+0.35 p'=+0.35  direct(n=24) = +0.062904781659 +0.0e+00i  |n24-n16| = 1.4e-17  T4(c) = +0.062904781659  |dev| = 0.0e+00  -T4(c) dev = 1.3e-01
K p=+2.00 p'=-1.50  direct(n=24) = +0.001715811810 +0.0e+00i  |n24-n16| = 5.8e-17  T4(c) = +0.001715811810  |dev| = 7.2e-18  -T4(c) dev = 3.4e-03
K p=+0.05 p'=+0.80  direct(n=24) = +0.047974852393 +0.0e+00i  |n24-n16| = 1.4e-17  T4(c) = +0.047974852393  |dev| = 6.9e-18  -T4(c) dev = 9.6e-02
K max |dev| = 7.16e-18 -> PASS
## B bounds of T4(d) on the grid D = 0.01, 0.02, ..., 20 (2000 points), closed form at 50 digits
B violations = 0; min relative margins (lower, upper, |G - x/9pi^2| <= x^3/36pi^2) = 1.031e-10, 4.122e-10, 1.031e-10
B sharpness: 9 pi^2 e^{D/2} Ghat(D) - 1 at D = 10, 20, 40: -9.080e-06, -4.122e-10, -8.497e-19
## E sign, monotonicity, regularity at 0
E grid: Ghat <= 0 at 0 points; Ghat(D_{k+1}) >= Ghat(D_k) at 0 points (of 2000)
E D=1e-1  G'(D) = -1.138e-03  G''(D) = -7.198229e-03
E D=1e-2  G'(D) = -2.107e-04  G''(D) = -1.685200e-02   G''(D) - G''(10D) = -9.653769e-03 (log-singularity prediction -ln10/(24pi^2) = -9.720860e-03)
E D=1e-3  G'(D) = -3.079e-05  G''(D) = -2.657171e-02   G''(D) - G''(10D) = -9.719709e-03 (log-singularity prediction -ln10/(24pi^2) = -9.720860e-03)
E D=1e-4  G'(D) = -4.051e-06  G''(D) = -3.629255e-02   G''(D) - G''(10D) = -9.720844e-03 (log-singularity prediction -ln10/(24pi^2) = -9.720860e-03)
E D=1e-5  G'(D) = -5.024e-07  G''(D) = -4.601341e-02   G''(D) - G''(10D) = -9.720860e-03 (log-singularity prediction -ln10/(24pi^2) = -9.720860e-03)
E D=1e-6  G'(D) = -5.996e-08  G''(D) = -5.573427e-02   G''(D) - G''(10D) = -9.720860e-03 (log-singularity prediction -ln10/(24pi^2) = -9.720860e-03)
