h=0.1200 Y=6 Ymax=6 N=100 nA=50 cap=0e+00: g/f2=0.94903 theta=0.33984 g(d_*)/g0=0.660155 (1-theta=0.660155) cg=350 | SLD id=1.0000000000 kappa_max=6.33 max w=2.824e+02 |dc_DD|=0.0e+00
   lam_min(M_*)     = -4.970588e-04 = -6.2031e-02 g0 = -3.0144e-03 ||M||   lam_max(M_*)=+1.648944e-01
   lam_min(M_*-tau) = -4.970588e-04 = -6.2031e-02 g0 = -3.0144e-03 ||M||   lam(tau) in [-1.448e-01,+1.448e-01]
   ||AntiHerm((t Q)_DD)||/||M_*|| = 2.050e-08   CRITERION (M>=0 and M-tau>=0): False
   violating p [M    ]: <p,Mp>=-4.9706e-04 <p,tau p>=-3.1947e-03 y=0 Delta=+2.4853e-04 g_Q(eta)=2.3185e-02 gain/g0=3.3246e-04 | p lives at y = [3.06, 3.18, 2.94, 3.3] (|p| [0.198, 0.198, 0.197, 0.197])
   violating p [M-tau]: <p,Mp>=+2.6976e-03 <p,tau p>=+3.1947e-03 y=1 Delta=+2.4853e-04 g_Q(eta)=2.3185e-02 gain/g0=3.3246e-04 | p lives at y = [3.06, 3.18, 2.94, 3.3] (|p| [0.198, 0.198, 0.197, 0.197])
   [1s]
h=0.1200 Y=6 Ymax=8 N=117 nA=50 cap=0e+00: g/f2=0.95380 theta=0.34153 g(d_*)/g0=0.658469 (1-theta=0.658469) cg=450 | SLD id=1.0000000000 kappa_max=6.40 max w=3.029e+02 |dc_DD|=0.0e+00
   lam_min(M_*)     = -3.745459e-04 = -4.6508e-02 g0 = -2.2862e-03 ||M||   lam_max(M_*)=+1.638288e-01
   lam_min(M_*-tau) = -3.745459e-04 = -4.6508e-02 g0 = -2.2862e-03 ||M||   lam(tau) in [-1.433e-01,+1.433e-01]
   ||AntiHerm((t Q)_DD)||/||M_*|| = 4.890e-08   CRITERION (M>=0 and M-tau>=0): False
   violating p [M    ]: <p,Mp>=-3.7455e-04 <p,tau p>=-2.3968e-03 y=0 Delta=+1.8727e-04 g_Q(eta)=2.3237e-02 gain/g0=1.8741e-04 | p lives at y = [4.14, 4.26, 4.02, 4.38] (|p| [0.171, 0.171, 0.17, 0.17])
   violating p [M-tau]: <p,Mp>=+2.0223e-03 <p,tau p>=+2.3968e-03 y=1 Delta=+1.8727e-04 g_Q(eta)=2.3237e-02 gain/g0=1.8741e-04 | p lives at y = [4.14, 4.26, 4.02, 4.38] (|p| [0.171, 0.171, 0.17, 0.17])
   [1s]
h=0.1200 Y=6 Ymax=10 N=133 nA=50 cap=0e+00: g/f2=0.95443 theta=0.34235 g(d_*)/g0=0.657651 (1-theta=0.657651) cg=550 | SLD id=1.0000000000 kappa_max=6.45 max w=3.170e+02 |dc_DD|=0.0e+00
   lam_min(M_*)     = -3.036793e-04 = -3.7683e-02 g0 = -1.8645e-03 ||M||   lam_max(M_*)=+1.628730e-01
   lam_min(M_*-tau) = -3.036793e-04 = -3.7683e-02 g0 = -1.8645e-03 ||M||   lam(tau) in [-1.421e-01,+1.421e-01]
   ||AntiHerm((t Q)_DD)||/||M_*|| = 8.585e-08   CRITERION (M>=0 and M-tau>=0): False
   violating p [M    ]: <p,Mp>=-3.0368e-04 <p,tau p>=-1.9389e-03 y=0 Delta=+1.5184e-04 g_Q(eta)=2.3270e-02 gain/g0=1.2295e-04 | p lives at y = [5.22, 5.34, 5.1, 4.86] (|p| [0.154, 0.153, 0.153, 0.153])
   violating p [M-tau]: <p,Mp>=+1.6352e-03 <p,tau p>=+1.9389e-03 y=1 Delta=+1.5184e-04 g_Q(eta)=2.3270e-02 gain/g0=1.2295e-04 | p lives at y = [5.22, 5.34, 5.1, 4.86] (|p| [0.154, 0.153, 0.153, 0.153])
   [2s]
h=0.1200 Y=6 Ymax=14 N=167 nA=50 cap=0e+00: g/f2=0.95454 theta=0.34328 g(d_*)/g0=0.656717 (1-theta=0.656717) cg=800 | SLD id=1.0000000000 kappa_max=6.51 max w=3.366e+02 |dc_DD|=0.0e+00
   lam_min(M_*)     = -2.165075e-04 = -2.6863e-02 g0 = -1.3388e-03 ||M||   lam_max(M_*)=+1.617159e-01
   lam_min(M_*-tau) = -2.165075e-04 = -2.6863e-02 g0 = -1.3388e-03 ||M||   lam(tau) in [-1.407e-01,+1.407e-01]
   ||AntiHerm((t Q)_DD)||/||M_*|| = 1.887e-07   CRITERION (M>=0 and M-tau>=0): False
   violating p [M    ]: <p,Mp>=-2.1651e-04 <p,tau p>=-1.3786e-03 y=0 Delta=+1.0825e-04 g_Q(eta)=2.3317e-02 gain/g0=6.2358e-05 | p lives at y = [7.14, 7.5, 7.62, 7.26] (|p| [0.129, 0.129, 0.129, 0.129])
   violating p [M-tau]: <p,Mp>=+1.1621e-03 <p,tau p>=+1.3786e-03 y=1 Delta=+1.0825e-04 g_Q(eta)=2.3317e-02 gain/g0=6.2358e-05 | p lives at y = [7.14, 7.5, 7.62, 7.26] (|p| [0.129, 0.129, 0.129, 0.129])
   [6s]
h=0.1200 Y=6 Ymax=20 N=217 nA=50 cap=0e+00: g/f2=0.95454 theta=0.34395 g(d_*)/g0=0.656047 (1-theta=0.656047) cg=1250 | SLD id=1.0000000000 kappa_max=6.55 max w=3.518e+02 |dc_DD|=0.0e+00
   lam_min(M_*)     = -1.522234e-04 = -1.8887e-02 g0 = -9.4589e-04 ||M||   lam_max(M_*)=+1.609319e-01
   lam_min(M_*-tau) = -1.522234e-04 = -1.8887e-02 g0 = -9.4589e-04 ||M||   lam(tau) in [-1.397e-01,+1.397e-01]
   ||AntiHerm((t Q)_DD)||/||M_*|| = 1.744e-07   CRITERION (M>=0 and M-tau>=0): False
   violating p [M    ]: <p,Mp>=-1.5222e-04 <p,tau p>=-9.6800e-04 y=0 Delta=+7.6112e-05 g_Q(eta)=2.3339e-02 gain/g0=3.0797e-05 | p lives at y = [11.82, 12.3, 12.18, 11.94] (|p| [0.11, 0.11, 0.11, 0.11])
   violating p [M-tau]: <p,Mp>=+8.1578e-04 <p,tau p>=+9.6800e-04 y=1 Delta=+7.6112e-05 g_Q(eta)=2.3339e-02 gain/g0=3.0797e-05 | p lives at y = [11.82, 12.3, 12.18, 11.94] (|p| [0.11, 0.11, 0.11, 0.11])
   [24s]
h=0.1200 Y=6 Ymax=30 N=300 nA=50 cap=0e+00: g/f2=0.95454 theta=0.34447 g(d_*)/g0=0.655528 (1-theta=0.655528) cg=2050 | SLD id=1.0000000000 kappa_max=6.58 max w=3.631e+02 |dc_DD|=0.0e+00
   lam_min(M_*)     = -1.019750e-04 = -1.2653e-02 g0 = -6.3597e-04 ||M||   lam_max(M_*)=+1.603467e-01
   lam_min(M_*-tau) = -1.019750e-04 = -1.2653e-02 g0 = -6.3597e-04 ||M||   lam(tau) in [-1.390e-01,+1.390e-01]
   ||AntiHerm((t Q)_DD)||/||M_*|| = 3.591e-07   CRITERION (M>=0 and M-tau>=0): False
   violating p [M    ]: <p,Mp>=-1.0198e-04 <p,tau p>=-6.4749e-04 y=0 Delta=+5.0988e-05 g_Q(eta)=2.3375e-02 gain/g0=1.3800e-05 | p lives at y = [11.1, 11.46, 11.22, 11.34] (|p| [0.099, 0.099, 0.099, 0.099])
   violating p [M-tau]: <p,Mp>=+5.4552e-04 <p,tau p>=+6.4749e-04 y=1 Delta=+5.0988e-05 g_Q(eta)=2.3375e-02 gain/g0=1.3800e-05 | p lives at y = [11.1, 11.46, 11.22, 11.34] (|p| [0.099, 0.099, 0.099, 0.099])
   [108s]
