# convergence of g_Q(delta_c)/(f2 zeta^2) -> 1;  f2 = 0.00844343
# kind    s      h    Lam    N   nA  nB  nC  kappa_max   |D|_1/exact   g_Q/zeta^2   g_Q/(f2 zeta^2)
first   0.100  0.400  12.0    69   30   9  30     4.641  0.966727  0.007335  0.86867
first   0.100  0.300  12.0    91   40  11  40     5.063  0.977010  0.007562  0.89559
first   0.100  0.250  12.0   110   48  14  48     5.376  0.984264  0.007725  0.91487
first   0.100  0.200  12.0   137   60  17  60     5.724  0.990157  0.007861  0.93107
first   0.100  0.150  12.0   183   80  23  80     6.196  0.996743  0.008016  0.94934
first   0.100  0.125  12.0   219   96  27  96     6.486  0.999802  0.008088  0.95790
first   0.100  0.100  12.0   274  120  34 120     6.856  1.003152  0.008167  0.96721
first   0.100  0.250  16.0   142   64  14  64     5.401  0.984271  0.007725  0.91489
first   0.100  0.200   8.0    97   40  17  40     5.660  0.989811  0.007854  0.93022
exact   0.100  0.400  12.0    69   30   9  30     4.641  0.950416  0.007162  0.84819
exact   0.100  0.300  12.0    91   40  11  40     5.063  0.960612  0.007393  0.87565
exact   0.100  0.250  12.0   110   48  14  48     5.376  0.967815  0.007561  0.89553
exact   0.100  0.200  12.0   137   60  17  60     5.724  0.973670  0.007704  0.91240
exact   0.100  0.150  12.0   183   80  23  80     6.196  0.980222  0.007867  0.93171
exact   0.100  0.125  12.0   219   96  27  96     6.486  0.983267  0.007944  0.94090
exact   0.100  0.100  12.0   274  120  34 120     6.856  0.986603  0.008030  0.95105
exact   0.100  0.250  16.0   142   64  14  64     5.401  0.967821  0.007562  0.89555
exact   0.100  0.200   8.0    97   40  17  40     5.660  0.973336  0.007697  0.91156
