====================================================================================================
(2) MASSIVE FLOW: entropic c_E(R) = 3 R S'(R) and Markov c_M(R) = -3R^2 S''(R)
    (Note 3, eqs. (cM), (cE)); staggered mass m, mu = m/2, xi = 2/m sites,
    RG variable mu R = m R/2.  PRIMARY DEFINITION c_M := c_M^(2) = 3R^2 I_{R-2}(2)/4,
    a genuine lattice CMI (>= 0 by SSA).  At a fixed point c_M^(d) =
    -(3R^2/d^2)log(1-d^2/R^2) = c(1 + d^2/2R^2 + ...), so c_M^(2) carries a known
    +2/R^2 bias; the Richardson column (4c_M^(2)-c_M^(4))/3 removes it in the UV
    but is INVALID once mu d >~ 1 (there I_{R-d}(d) is exponential in d, not
    polynomial) - it even goes negative in the deep IR and is shown for reference.
====================================================================================================

  m = 0.0000    xi = inf sites
     R     mu R        c_E        c_M=c_M^(2)   c_M^(4)     c_M^(Rich)   c_M/c_E   (c_M/c_E)/(mR)   dc_E     dc_M
     6    0.000   1.0446e+00   1.0766e+00   1.3791e+00   9.7572e-01     1.0306        nan        nan       nan
     8    0.000   1.0236e+00   1.0389e+00   1.1618e+00   9.9797e-01     1.0149        nan  -7.44e-03 -1.31e-02
    10    0.000   1.0148e+00   1.0241e+00   1.0944e+00   1.0007e+00     1.0091        nan  -3.37e-03 -5.61e-03
    12    0.000   1.0102e+00   1.0165e+00   1.0628e+00   1.0010e+00     1.0062        nan  -1.85e-03 -3.02e-03
    14    0.000   1.0074e+00   1.0120e+00   1.0450e+00   1.0010e+00     1.0045        nan  -1.13e-03 -1.84e-03
    16    0.000   1.0057e+00   1.0091e+00   1.0340e+00   1.0009e+00     1.0035        nan  -7.42e-04 -1.20e-03
    18    0.000   1.0045e+00   1.0072e+00   1.0266e+00   1.0007e+00     1.0027        nan  -5.14e-04 -8.32e-04
    20    0.000   1.0036e+00   1.0058e+00   1.0214e+00   1.0006e+00     1.0022        nan  -3.72e-04 -6.00e-04
    22    0.000   1.0030e+00   1.0048e+00   1.0176e+00   1.0005e+00     1.0018        nan  -2.77e-04 -4.47e-04
    24    0.000   1.0025e+00   1.0040e+00   1.0147e+00   1.0005e+00     1.0015        nan  -2.13e-04 -3.43e-04
    26    0.000   1.0021e+00   1.0034e+00   1.0125e+00   1.0004e+00     1.0013        nan  -1.67e-04 -2.68e-04
    28    0.000   1.0018e+00   1.0029e+00   1.0107e+00   1.0004e+00     1.0011        nan  -1.33e-04 -2.14e-04
    30    0.000   1.0016e+00   1.0026e+00   1.0093e+00   1.0003e+00     1.0010        nan  -1.08e-04 -1.74e-04
    32    0.000   1.0014e+00   1.0023e+00   1.0082e+00   1.0003e+00     1.0009        nan  -8.87e-05 -1.43e-04
    34    0.000   1.0012e+00   1.0020e+00   1.0073e+00   1.0002e+00     1.0008        nan  -7.38e-05 -1.19e-04
    36    0.000   1.0011e+00   1.0018e+00   1.0065e+00   1.0002e+00     1.0007        nan  -6.21e-05 -9.99e-05
    38    0.000   1.0010e+00   1.0016e+00   1.0058e+00   1.0002e+00     1.0006        nan  -5.28e-05 -8.48e-05
    40    0.000   1.0009e+00   1.0014e+00   1.0052e+00   1.0002e+00     1.0005        nan        nan       nan

  m = 0.0500    xi = 40.0 sites
     R     mu R        c_E        c_M=c_M^(2)   c_M^(4)     c_M^(Rich)   c_M/c_E   (c_M/c_E)/(mR)   dc_E     dc_M
     6    0.150   9.0936e-01   1.1079e+00   1.4123e+00   1.0064e+00     1.2183     4.0609        nan       nan
     8    0.200   8.3251e-01   1.0703e+00   1.1953e+00   1.0286e+00     1.2856     3.2141  -3.52e-02 -1.48e-02
    10    0.250   7.6851e-01   1.0489e+00   1.1212e+00   1.0248e+00     1.3648     2.7296  -3.05e-02 -1.03e-02
    12    0.300   7.1060e-01   1.0291e+00   1.0772e+00   1.0130e+00     1.4482     2.4136  -2.79e-02 -1.03e-02
    14    0.350   6.5700e-01   1.0077e+00   1.0424e+00   9.9615e-01     1.5338     2.1911  -2.59e-02 -1.13e-02
    16    0.400   6.0710e-01   9.8399e-01   1.0103e+00   9.7523e-01     1.6208     2.0260  -2.41e-02 -1.24e-02
    18    0.450   5.6058e-01   9.5794e-01   9.7860e-01   9.5105e-01     1.7088     1.8987  -2.25e-02 -1.35e-02
    20    0.500   5.1725e-01   9.2982e-01   9.4652e-01   9.2425e-01     1.7976     1.7976  -2.09e-02 -1.45e-02
    22    0.550   4.7692e-01   8.9998e-01   9.1377e-01   8.9539e-01     1.8871     1.7155  -1.94e-02 -1.53e-02
    24    0.600   4.3945e-01   8.6881e-01   8.8039e-01   8.6495e-01     1.9770     1.6475  -1.81e-02 -1.58e-02
    26    0.650   4.0468e-01   8.3666e-01   8.4652e-01   8.3337e-01     2.0675     1.5904  -1.68e-02 -1.62e-02
    28    0.700   3.7244e-01   8.0386e-01   8.1235e-01   8.0102e-01     2.1583     1.5417  -1.55e-02 -1.65e-02
    30    0.750   3.4259e-01   7.7070e-01   7.7809e-01   7.6824e-01     2.2496     1.4997  -1.44e-02 -1.66e-02
    32    0.800   3.1499e-01   7.3745e-01   7.4392e-01   7.3529e-01     2.3412     1.4633  -1.33e-02 -1.66e-02
    34    0.850   2.8947e-01   7.0433e-01   7.1004e-01   7.0243e-01     2.4332     1.4313  -1.23e-02 -1.65e-02
    36    0.900   2.6591e-01   6.7154e-01   6.7661e-01   6.6985e-01     2.5254     1.4030  -1.13e-02 -1.63e-02
    38    0.950   2.4417e-01   6.3924e-01   6.4376e-01   6.3774e-01     2.6180     1.3779  -1.04e-02 -1.60e-02
    40    1.000   2.2413e-01   6.0758e-01   6.1162e-01   6.0623e-01     2.7109     1.3554        nan       nan

  m = 0.1000    xi = 20.0 sites
     R     mu R        c_E        c_M=c_M^(2)   c_M^(4)     c_M^(Rich)   c_M/c_E   (c_M/c_E)/(mR)   dc_E     dc_M
     6    0.300   7.4432e-01   1.0859e+00   1.3931e+00   9.8353e-01     1.4590     2.4316        nan       nan
     8    0.400   6.2461e-01   1.0120e+00   1.1401e+00   9.6924e-01     1.6201     2.0252  -5.41e-02 -3.48e-02
    10    0.500   5.2798e-01   9.4668e-01   1.0214e+00   9.2177e-01     1.7930     1.7930  -4.45e-02 -3.30e-02
    12    0.600   4.4664e-01   8.8006e-01   9.2995e-01   8.6343e-01     1.9704     1.6420  -3.76e-02 -3.37e-02
    14    0.700   3.7752e-01   8.1184e-01   8.4767e-01   7.9990e-01     2.1504     1.5360  -3.20e-02 -3.42e-02
    16    0.800   3.1872e-01   7.4338e-01   7.7033e-01   7.3439e-01     2.3324     1.4577  -2.72e-02 -3.39e-02
    18    0.900   2.6873e-01   6.7609e-01   6.9701e-01   6.6911e-01     2.5158     1.3977  -2.31e-02 -3.31e-02
    20    1.000   2.2630e-01   6.1115e-01   6.2776e-01   6.0561e-01     2.7006     1.3503  -1.96e-02 -3.17e-02
    22    1.100   1.9034e-01   5.4943e-01   5.6284e-01   5.4496e-01     2.8865     1.3120  -1.66e-02 -2.99e-02
    24    1.200   1.5992e-01   4.9152e-01   5.0248e-01   4.8786e-01     3.0734     1.2806  -1.40e-02 -2.79e-02
    26    1.300   1.3423e-01   4.3776e-01   4.4680e-01   4.3475e-01     3.2613     1.2544  -1.18e-02 -2.58e-02
    28    1.400   1.1255e-01   3.8831e-01   3.9582e-01   3.8581e-01     3.4501     1.2322  -9.98e-03 -2.36e-02
    30    1.500   9.4293e-02   3.4319e-01   3.4946e-01   3.4110e-01     3.6396     1.2132  -8.41e-03 -2.15e-02
    32    1.600   7.8931e-02   3.0229e-01   3.0755e-01   3.0054e-01     3.8298     1.1968  -7.07e-03 -1.94e-02
    34    1.700   6.6020e-02   2.6545e-01   2.6987e-01   2.6397e-01     4.0208     1.1826  -5.94e-03 -1.75e-02
    36    1.800   5.5180e-02   2.3243e-01   2.3616e-01   2.3119e-01     4.2123     1.1701  -4.98e-03 -1.56e-02
    38    1.900   4.6088e-02   2.0299e-01   2.0614e-01   2.0194e-01     4.4044     1.1591  -4.18e-03 -1.39e-02
    40    2.000   3.8470e-02   1.7685e-01   1.7951e-01   1.7596e-01     4.5970     1.1493        nan       nan

  m = 0.2000    xi = 10.0 sites
     R     mu R        c_E        c_M=c_M^(2)   c_M^(4)     c_M^(Rich)   c_M/c_E   (c_M/c_E)/(mR)   dc_E     dc_M
     6    0.600   4.7815e-01   9.3212e-01   1.2420e+00   8.2883e-01     1.9494     1.6245        nan       nan
     8    0.800   3.3433e-01   7.6852e-01   8.9868e-01   7.2514e-01     2.2987     1.4367  -6.07e-02 -7.66e-02
    10    1.000   2.3524e-01   6.2590e-01   7.0014e-01   6.0116e-01     2.6607     1.3303  -4.22e-02 -6.69e-02
    12    1.200   1.6543e-01   5.0104e-01   5.4836e-01   4.8526e-01     3.0287     1.2620  -2.98e-02 -5.78e-02
    14    1.400   1.1609e-01   3.9481e-01   4.2664e-01   3.8420e-01     3.4010     1.2146  -2.10e-02 -4.85e-02
    16    1.600   8.1261e-02   3.0689e-01   3.2893e-01   2.9954e-01     3.7766     1.1802  -1.48e-02 -3.98e-02
    18    1.800   5.6743e-02   2.3576e-01   2.5129e-01   2.3058e-01     4.1549     1.1541  -1.04e-02 -3.19e-02
    20    2.000   3.9530e-02   1.7929e-01   1.9033e-01   1.7561e-01     4.5355     1.1339  -7.32e-03 -2.52e-02
    22    2.200   2.7479e-02   1.3514e-01   1.4304e-01   1.3251e-01     4.9180     1.1177  -5.12e-03 -1.96e-02
    24    2.400   1.9065e-02   1.0108e-01   1.0674e-01   9.9194e-02     5.3021     1.1046  -3.57e-03 -1.50e-02
    26    2.600   1.3202e-02   7.5090e-02   7.9154e-02   7.3735e-02     5.6876     1.0938  -2.48e-03 -1.14e-02
    28    2.800   9.1277e-03   5.5444e-02   5.8360e-02   5.4471e-02     6.0742     1.0847  -1.73e-03 -8.59e-03
    30    3.000   6.3009e-03   4.0716e-02   4.2807e-02   4.0018e-02     6.4619     1.0770  -1.20e-03 -6.42e-03
    32    3.200   4.3435e-03   2.9754e-02   3.1253e-02   2.9255e-02     6.8504     1.0704  -8.28e-04 -4.77e-03
    34    3.400   2.9903e-03   2.1648e-02   2.2720e-02   2.1291e-02     7.2396     1.0646  -5.72e-04 -3.52e-03
    36    3.600   2.0562e-03   1.5688e-02   1.6453e-02   1.5433e-02     7.6294     1.0596  -3.94e-04 -2.58e-03
    38    3.800   1.4124e-03   1.1327e-02   1.1873e-02   1.1145e-02     8.0198     1.0552  -2.72e-04 -1.88e-03
    40    4.000   9.6918e-04   8.1513e-03   8.5395e-03   8.0220e-03     8.4106     1.0513        nan       nan

  m = 0.4000    xi = 5.0 sites
     R     mu R        c_E        c_M=c_M^(2)   c_M^(4)     c_M^(Rich)   c_M/c_E   (c_M/c_E)/(mR)   dc_E     dc_M
     6    1.200   1.8949e-01   5.4367e-01   8.3362e-01   4.4702e-01     2.8691     1.1955        nan       nan
     8    1.600   9.1071e-02   3.2616e-01   4.3500e-01   2.8987e-01     3.5813     1.1192  -3.64e-02 -8.86e-02
    10    2.000   4.3943e-02   1.8933e-01   2.4057e-01   1.7225e-01     4.3086     1.0772  -1.75e-02 -5.49e-02
    12    2.400   2.1130e-02   1.0658e-01   1.3219e-01   9.8040e-02     5.0439     1.0508  -8.46e-03 -3.27e-02
    14    2.800   1.0112e-02   5.8493e-02   7.1532e-02   5.4147e-02     5.7845     1.0329  -4.08e-03 -1.88e-02
    16    3.200   4.8163e-03   3.1445e-02   3.8105e-02   2.9225e-02     6.5289     1.0201  -1.96e-03 -1.05e-02
    18    3.600   2.2841e-03   1.6619e-02   2.0013e-02   1.5488e-02     7.2759     1.0105  -9.34e-04 -5.70e-03
    20    4.000   1.0791e-03   8.6594e-03   1.0380e-02   8.0858e-03     8.0249     1.0031  -4.44e-04 -3.04e-03
    22    4.400   5.0806e-04   4.4584e-03   5.3260e-03   4.1692e-03     8.7753     0.9972  -2.10e-04 -1.60e-03
    24    4.800   2.3850e-04   2.2721e-03   2.7070e-03   2.1271e-03     9.5268     0.9924  -9.91e-05 -8.28e-04
    26    5.200   1.1167e-04   1.1478e-03   1.3646e-03   1.0755e-03    10.2790     0.9884  -4.66e-05 -4.24e-04
    28    5.600   5.2162e-05   5.7544e-04   6.8292e-04   5.3961e-04    11.0318     0.9850  -2.18e-05 -2.15e-04
    30    6.000   2.4316e-05   2.8657e-04   3.3960e-04   2.6889e-04    11.7851     0.9821  -1.02e-05 -1.08e-04
    32    6.400   1.1315e-05   1.4187e-04   1.6792e-04   1.3319e-04    12.5387     0.9796  -4.76e-06 -5.42e-05
    34    6.800   5.2562e-06   6.9869e-05   8.2611e-05   6.5622e-05    13.2926     0.9774  -2.22e-06 -2.69e-05
    36    7.200   2.4382e-06   3.4249e-05   4.0458e-05   3.2179e-05    14.0467     0.9755  -1.03e-06 -1.33e-05
    38    7.600   1.1295e-06   1.6718e-05   1.9733e-05   1.5713e-05    14.8009     0.9737  -4.79e-07 -6.53e-06
    40    8.000   5.2263e-07   8.1296e-06   9.5892e-06   7.6431e-06    15.5553     0.9722        nan       nan

  m = 0.8000    xi = 2.5 sites
     R     mu R        c_E        c_M=c_M^(2)   c_M^(4)     c_M^(Rich)   c_M/c_E   (c_M/c_E)/(mR)   dc_E     dc_M
     6    2.400   3.0701e-02   1.3095e-01   3.1296e-01   7.0285e-02     4.2655     0.8887        nan       nan
     8    3.200   6.9870e-03   3.8768e-02   7.9326e-02   2.5249e-02     5.5486     0.8670  -7.28e-03 -3.00e-02
    10    4.000   1.5889e-03   1.0873e-02   2.1087e-02   7.4678e-03     6.8428     0.8553  -1.66e-03 -8.96e-03
    12    4.800   3.5866e-04   2.9201e-03   5.5135e-03   2.0556e-03     8.1417     0.8481  -3.77e-04 -2.53e-03
    14    5.600   8.0345e-05   7.5870e-04   1.4098e-03   5.4168e-04     9.4430     0.8431  -8.52e-05 -6.82e-04
    16    6.400   1.7880e-05   1.9213e-04   3.5322e-04   1.3843e-04    10.7458     0.8395  -1.91e-05 -1.78e-04
    18    7.200   3.9567e-06   4.7676e-05   8.6986e-05   3.4573e-05    12.0494     0.8368  -4.25e-06 -4.51e-05
    20    8.000   8.7151e-07   1.1638e-05   2.1113e-05   8.4793e-06    13.3534     0.8346  -9.41e-07 -1.12e-05
    22    8.800   1.9120e-07   2.8026e-06   5.0619e-06   2.0495e-06    14.6578     0.8328  -2.07e-07 -2.74e-06
    24    9.600   4.1806e-08   6.6733e-07   1.2010e-06   4.8943e-07    15.9624     0.8314  -4.55e-08 -6.61e-07
    26   10.400   9.1145e-09   1.5738e-07   2.8242e-07   1.1570e-07    17.2672     0.8302  -9.96e-09 -1.58e-07
    28   11.200   1.9821e-09   3.6812e-08   6.5899e-08   2.7116e-08    18.5720     0.8291  -2.17e-09 -3.72e-08
    30   12.000   4.3011e-10   8.5492e-09   1.5273e-08   6.3080e-09    19.8770     0.8282  -4.72e-10 -8.71e-09
    32   12.800   9.3149e-11   1.9731e-09   3.5186e-09   1.4579e-09    21.1820     0.8274  -1.02e-10 -2.02e-09
    34   13.600   2.0139e-11   4.5286e-10   8.0635e-10   3.3503e-10    22.4871     0.8267  -2.22e-11 -4.67e-10
    36   14.400   4.3473e-12   1.0343e-10   1.8392e-10   7.6602e-11    23.7922     0.8261  -4.80e-12 -1.07e-10
    38   15.200   9.3714e-13   2.3520e-11   4.1773e-11   1.7435e-11    25.0974     0.8256  -1.04e-12 -2.45e-11
    40   16.000   2.0177e-13   5.3272e-12   9.4514e-12   3.9524e-12    26.4026     0.8251        nan       nan

  m = 1.6000    xi = 1.2 sites
     R     mu R        c_E        c_M=c_M^(2)   c_M^(4)     c_M^(Rich)   c_M/c_E   (c_M/c_E)/(mR)   dc_E     dc_M
     6    4.800   1.2012e-03   6.6043e-03   4.8650e-02  -7.4110e-03     5.4983     0.5727        nan       nan
     8    6.400   7.0057e-05   5.1081e-04   3.1966e-03  -3.8444e-04     7.2913     0.5696  -2.99e-04 -1.64e-03
    10    8.000   4.0641e-06   3.6931e-05   2.1844e-04  -2.3572e-05     9.0871     0.5679  -1.75e-05 -1.27e-04
    12    9.600   2.3347e-07   2.5410e-06   1.4597e-05  -1.4775e-06    10.8836     0.5669  -1.01e-06 -9.19e-06
    14   11.200   1.3297e-08   1.6861e-07   9.5105e-07  -9.2201e-08    12.6805     0.5661  -5.82e-08 -6.33e-07
    16   12.800   7.5193e-10   1.0886e-08   6.0636e-08  -5.6972e-09    14.4775     0.5655  -3.31e-09 -4.20e-08
    18   14.400   4.2274e-11   6.8799e-10   3.7971e-09  -3.4837e-10    16.2746     0.5651  -1.87e-10 -2.71e-09
    20   16.000   2.3653e-12   4.2745e-11   2.3426e-10  -2.1093e-11    18.0717     0.5647  -1.05e-11 -1.71e-10
    22   17.600   1.3181e-13   2.6189e-12   1.4273e-11  -1.2658e-12    19.8689     0.5645  -5.89e-13 -1.06e-11
    24   19.200   7.3202e-15   1.5860e-13   8.6050e-13  -7.5366e-14    21.6662     0.5642  -3.29e-14 -6.52e-13
    26   20.800   4.0535e-16   9.5110e-15   5.1411e-14  -4.4557e-15    23.4634     0.5640  -1.82e-15 -3.95e-14
    28   22.400   2.2390e-17   5.6558e-16   3.0477e-15  -2.6179e-16    25.2607     0.5639  -1.01e-16 -2.37e-15
    30   24.000   1.2340e-18   3.3389e-17   1.7944e-16  -1.5295e-17    27.0579     0.5637  -5.58e-18 -1.41e-16
    32   25.600   6.7876e-20   1.9586e-18   1.0502e-17  -8.8917e-19    28.8552     0.5636  -3.08e-19 -8.32e-18
    34   27.200   3.7271e-21   1.1425e-19   6.1136e-19  -5.1459e-20    30.6525     0.5635  -1.69e-20 -4.88e-19
    36   28.800   2.0435e-22   6.6310e-21   3.5422e-20  -2.9660e-21    32.4498     0.5634  -9.29e-22 -2.85e-20
    38   30.400   1.1188e-23   3.8316e-22   2.0436e-21  -1.7032e-22    34.2472     0.5633  -5.09e-23 -1.65e-21
    40   32.000   6.1178e-25   2.2051e-23   1.1745e-22  -9.7482e-24    36.0445     0.5632        nan       nan
====================================================================================================
(2b) MASSIVE FLOW at fixed geometry L_A=L_C=8: -log F and I(A:C|B) vs m L_B
     mu L_B = m L_B/2 is the continuum RG variable; 'ratio 2br' tests whether the
     vacuum two-branch law still holds at the cross ratio implied by the CMI.
====================================================================================================

  L_B = 8
      m     mu L_B      I(A:C|B)     -logF^(0)    -logF^(1/2)   -logF^(1)     D(rho||rho~)  ratio 2br(0) ratio 2br(1)  -logF/I
   0.0000    0.000   9.606326e-02  4.530009e-03  1.082505e-02  3.945134e-02  3.588371e-02       1.00       0.24   0.0472
   0.0250    0.100   9.899379e-02  6.124218e-03  1.218191e-02  3.831750e-02  4.133573e-02       1.27       0.22   0.0619
   0.0500    0.200   9.461140e-02  7.077035e-03  1.254108e-02  3.472787e-02  4.274276e-02       1.60       0.22   0.0748
   0.1000    0.400   7.490978e-02  7.003060e-03  1.100348e-02  2.558006e-02  3.584382e-02       2.50       0.26   0.0935
   0.2000    0.800   3.655281e-02  4.339836e-03  6.096884e-03  1.147977e-02  1.755430e-02       5.94       0.43   0.1187
   0.4000    1.600   6.622171e-03  9.830579e-04  1.249476e-03  1.906012e-03  2.976286e-03      37.62       1.45   0.1484
   0.8000    3.200   2.192037e-04  3.638703e-05  4.291883e-05  5.609198e-05  8.543122e-05    1244.84      26.79   0.1660
   1.6000    6.400   5.431476e-07  8.299606e-08  9.272739e-08  1.055753e-07  1.722647e-07  462774.59    8065.93   0.1528
   3.2000   12.800   6.601712e-11  8.129645e-12  8.612374e-12  8.745915e-12  1.638424e-11 3068364678.05 45229410.16   0.1231

  L_B = 16
      m     mu L_B      I(A:C|B)     -logF^(0)    -logF^(1/2)   -logF^(1)     D(rho||rho~)  ratio 2br(0) ratio 2br(1)  -logF/I
   0.0000    0.000   3.928496e-02  8.654442e-04  2.711109e-03  1.610389e-02  7.400845e-03       1.03       0.54   0.0220
   0.0250    0.200   3.985435e-02  1.659627e-03  3.444928e-03  1.514973e-02  1.152949e-02       1.92       0.49   0.0416
   0.0500    0.400   3.444997e-02  1.902192e-03  3.412630e-03  1.241905e-02  1.205501e-02       2.92       0.52   0.0552
   0.1000    0.800   2.036790e-02  1.478815e-03  2.356865e-03  6.841156e-03  8.283284e-03       6.22       0.73   0.0726
   0.2000    1.600   4.911489e-03  4.656958e-04  6.708062e-04  1.477174e-03  2.240655e-03      32.21       1.88   0.0948
   0.4000    3.200   1.931780e-04  2.334020e-05  3.029930e-05  4.992132e-05  9.831922e-05    1028.22      30.60   0.1208
   0.8000    6.400   3.041924e-07  4.173697e-08  4.990691e-08  7.073912e-08  1.555678e-07  741945.91   17230.23   0.1372
   1.6000   12.800   3.139373e-12  4.090175e-13  4.691062e-13  5.781775e-13  1.331627e-12 68266014873.27 1322221180.54   0.1303
   3.2000   25.600   9.856562e-20  1.040357e-20  1.145372e-20  1.179714e-20  3.544319e-20 1761488536936730368.00 27368732962320004.00   0.1055
