====================================================================================================
O7(a) LATTICE TEST OF THE TWO-BRANCH ROTATED-PETZ LAW  (complex hopping chain, c=cbar=1)
geometries: L_A=L_C=L, L_B=b, n=2L+b<=72;  eta_V=L^2/(L+b)^2;  z=eta/(1-eta)
====================================================================================================

[1] Phi_lat(zeta) := (1/2)(-log F^(0)) at zeta=2z  vs continuum Table 3 col A   (f2=0.0084434)
     zeta     n        Phi_lat       Phi_cont    ratio Phi_lat/z^2
  0.00893    64   7.130896e-07   6.715515e-07   1.0619    0.008945
  0.01146    57   1.170720e-06   1.097869e-06   1.0664    0.008919
  0.01524    50   2.062001e-06   1.926108e-06   1.0706    0.008880
  0.01891    68   3.095951e-06   2.952222e-06   1.0487    0.008660
  0.02020    44   3.604406e-06   3.367016e-06   1.0705    0.008832
  0.02409    61   4.997479e-06   4.774694e-06   1.0467    0.008613
  0.02807    38   6.900221e-06   6.469124e-06   1.0666    0.008757
  0.03175    72   8.520084e-06   8.259398e-06   1.0316    0.008454
  0.04019    65   1.353782e-05   1.310356e-05   1.0331    0.008382
  0.04167    48   1.468407e-05   1.405990e-05   1.0444    0.008458
  0.05255    58   2.285886e-05   2.210249e-05   1.0342    0.008279
  0.05714    42   2.719335e-05   2.603043e-05   1.0447    0.008328
  0.06838    52   3.811112e-05   3.690500e-05   1.0327    0.008152
  0.08333    36   5.637546e-05   5.389156e-05   1.0461    0.008118
  0.09275    46   6.850742e-05   6.615188e-05   1.0356    0.007963
  0.10390    66   8.418694e-05   8.219379e-05   1.0242    0.007799
  0.11250    32   9.994799e-05   9.571320e-05   1.0442    0.007897
  0.13333    60   1.349282e-04   1.324908e-04   1.0184    0.007590
  0.16071    28   1.951943e-04   1.866386e-04   1.0458    0.007557
  0.17778    54   2.304861e-04   2.245947e-04   1.0262    0.007293
  0.20915    68   3.088459e-04   3.026135e-04   1.0206    0.007060
  0.25000    48   4.283304e-04   4.197944e-04   1.0203    0.006853
  0.27527    62   5.059666e-04   4.989327e-04   1.0141    0.006677
  0.32727    44   6.890967e-04   6.707282e-04   1.0274    0.006434
  0.38095    70   8.881211e-04   8.696285e-04   1.0213    0.006120
  0.45000    40   1.185701e-03   1.156197e-03   1.0255    0.005855
  0.49231    52   1.368895e-03   1.348216e-03   1.0153    0.005648
  0.52083    64   1.496629e-03   1.484526e-03   1.0082    0.005517
  0.66667    72   2.214528e-03            nan      nan    0.004983
  0.84706    68   3.189856e-03            nan      nan    0.004446
  0.89286    56   3.455263e-03            nan      nan    0.004334
  0.96970    44   3.910136e-03            nan      nan    0.004158
  1.12500    64   4.801267e-03            nan      nan    0.003794
  1.21905    42   5.396293e-03            nan      nan    0.003631
  1.28205    52   5.757578e-03            nan      nan    0.003503
  1.60000    60   7.681831e-03            nan      nan    0.003001
  1.98621    58   1.003693e-02            nan      nan    0.002544
  2.08333    48   1.065870e-02            nan      nan    0.002456
  2.24561    38   1.171773e-02            nan      nan    0.002324
  2.57143    56   1.352931e-02            nan      nan    0.002046
  2.89855    46   1.550203e-02            nan      nan    0.001845
  3.55556    54   1.909594e-02            nan      nan    0.001511
  4.54545    44   2.465830e-02            nan      nan    0.001193
  4.87619    35   2.731354e-02            nan      nan    0.001149
  5.53846    52   2.929953e-02            nan      nan    0.000955
  6.20155    43   3.334059e-02            nan      nan    0.000867
  7.52941    51   3.872806e-02            nan      nan    0.000683
  9.52381    42   4.973731e-02            nan      nan    0.000548
 11.52000    50   5.613913e-02            nan      nan    0.000423
 15.51515    33   7.839737e-02            nan      nan    0.000326
 19.51220    41   8.767256e-02            nan      nan    0.000230
 23.51020    49   9.552423e-02            nan      nan    0.000173

[2] two-branch law  -log F^(lam) = Phi(z(1+e^{-pi lam})) + Phi(z(1+e^{pi lam}))
    columns: lattice | 2-branch with Phi_lat | 2-branch with continuum Phi | single-branch Phi(z(1+e^{-pi lam})) [the wrong law]

  lambda = 0.0
     eta_V     n     -logF(lat)   2br(Phi_lat)   ratio  2br(Phi_cont)   ratio           1br   ratio   p_loc
   0.00444    64   1.426179e-06   1.426179e-06  1.0000   1.343103e-06  1.0619  7.130896e-07  2.0000     nan 
   0.00570    57   2.341439e-06   2.341439e-06  1.0000   2.195738e-06  1.0664  1.170720e-06  2.0000   1.998 
   0.00756    50   4.124002e-06   4.124002e-06  1.0000   3.852216e-06  1.0706  2.062001e-06  2.0000   1.956 
   0.00937    68   6.191903e-06   6.191903e-06  1.0000   5.904445e-06  1.0487  3.095951e-06  2.0000   1.998 
   0.01000    44   7.208811e-06   7.208811e-06  1.0000   6.734031e-06  1.0705  3.604406e-06  2.0000   1.998 
   0.01190    61   9.994959e-06   9.994959e-06  1.0000   9.549387e-06  1.0467  4.997479e-06  2.0000   1.998 
   0.01384    38   1.380044e-05   1.380044e-05  1.0000   1.293825e-05  1.0666  6.900221e-06  2.0000   1.959 
   0.01562    72   1.704017e-05   1.704017e-05  1.0000   1.651880e-05  1.0316  8.520084e-06  2.0000   1.910 
   0.01970    65   2.707564e-05   2.707564e-05  1.0000   2.620712e-05  1.0331  1.353782e-05  2.0000   2.038 
   0.02041    48   2.936815e-05   2.936815e-05  1.0000   2.811981e-05  1.0444  1.468407e-05  2.0000   1.999 
   0.02560    58   4.571773e-05   4.571773e-05  1.0000   4.420499e-05  1.0342  2.285886e-05  2.0000   1.999 
   0.02778    42   5.438670e-05   5.438670e-05  1.0000   5.206086e-05  1.0447  2.719335e-05  2.0000   1.999 
   0.03306    52   7.622223e-05   7.622223e-05  1.0000   7.381001e-05  1.0327  3.811112e-05  2.0000   1.999 
   0.04000    36   1.127509e-04   1.127509e-04  1.0000   1.077831e-04  1.0461  5.637546e-05  2.0000   2.000 
   0.04432    46   1.370148e-04   1.370148e-04  1.0000   1.323038e-04  1.0356  6.850742e-05  2.0000   1.903 
   0.04938    66   1.683739e-04   1.683739e-04  1.0000   1.643876e-04  1.0242  8.418694e-05  2.0000   2.057 
   0.05325    32   1.998960e-04   1.998960e-04  1.0000   1.914264e-04  1.0442  9.994799e-05  2.0000   2.002 
   0.06250    60   2.698565e-04   2.698565e-04  1.0000   2.649815e-04  1.0184  1.349282e-04  2.0000   2.003 
   0.07438    28   3.903887e-04   3.903887e-04  1.0000   3.732772e-04  1.0458  1.951943e-04  2.0000   2.005 
   0.08163    54   4.609723e-04   4.609723e-04  1.0000   4.491894e-04  1.0262  2.304861e-04  2.0000   1.902 
   0.09467    68   6.176918e-04   6.176918e-04  1.0000   6.052271e-04  1.0206  3.088459e-04  2.0000   2.010 
   0.11111    48   8.566607e-04   8.566607e-04  1.0000   8.395888e-04  1.0203  4.283304e-04  2.0000   2.013 
   0.12098    62   1.011933e-03   1.011933e-03  1.0000   9.978654e-04  1.0141  5.059666e-04  2.0000   2.018 
   0.14062    44   1.378193e-03   1.378193e-03  1.0000   1.341456e-03  1.0274  6.890967e-04  2.0000   2.013 
   0.16000    70   1.776242e-03   1.776242e-03  1.0000   1.739257e-03  1.0213  8.881211e-04  2.0000   2.032 
   0.18367    40   2.371401e-03   2.371401e-03  1.0000   2.312394e-03  1.0255  1.185701e-03  2.0000   2.053 
   0.19753    52   2.737790e-03   2.737790e-03  1.0000   2.696433e-03  1.0153  1.368895e-03  2.0000   1.979 
   0.20661    64   2.993257e-03   2.993257e-03  1.0000   2.969051e-03  1.0082  1.496629e-03  2.0000   2.042 
   0.25000    72   4.429056e-03   4.429056e-03  1.0000   4.528321e-03  0.9781  2.214528e-03  2.0000   2.075 
   0.29752    68   6.379712e-03   6.379712e-03  1.0000   6.819872e-03  0.9355  3.189856e-03  2.0000   2.111 
   0.30864    56   6.910525e-03   6.910525e-03  1.0000   7.462411e-03  0.9260  3.455263e-03  2.0000   2.188 
   0.32653    44   7.820271e-03   7.820271e-03  1.0000   8.593823e-03  0.9100  3.910136e-03  2.0000   2.137 
   0.36000    64   9.602534e-03   9.602534e-03  1.0000   1.107908e-02  0.8667  4.801267e-03  2.0000   2.173 
   0.37870    42   1.079259e-02   1.079259e-02  1.0000   1.270941e-02  0.8492  5.396293e-03  2.0000   2.225 
   0.39062    52   1.151516e-02   1.151516e-02  1.0000   1.385308e-02  0.8312  5.757578e-03  2.0000   2.206 
   0.44444    60   1.536366e-02   1.536366e-02  1.0000   2.023320e-02  0.7593  7.681831e-03  2.0000   2.283 
   0.49827    58   2.007387e-02   2.007387e-02  1.0000   2.928417e-02  0.6855  1.003693e-02  2.0000   2.374 
   0.51020    48   2.131741e-02   2.131741e-02  1.0000   3.177508e-02  0.6709  1.065870e-02  2.0000   2.593 
   0.52893    38   2.343547e-02   2.343547e-02  1.0000   3.612346e-02  0.6488  1.171773e-02  2.0000   2.444 
   0.56250    56   2.705862e-02   2.705862e-02  1.0000   4.554067e-02  0.5942  1.352931e-02  2.0000   2.495 
   0.59172    46   3.100407e-02   3.100407e-02  1.0000   5.588893e-02  0.5547  1.550203e-02  2.0000   2.670 
   0.64000    54   3.819188e-02   3.819188e-02  1.0000   7.925749e-02  0.4819  1.909594e-02  2.0000   2.899 
   0.69444    44   4.931661e-02   4.931661e-02  1.0000   1.206247e-01  0.4088  2.465830e-02  2.0000   3.489 
   0.70914    35   5.462707e-02   5.462707e-02  1.0000   1.360173e-01  0.4016  2.731354e-02  2.0000   3.061 
   0.73469    52   5.859907e-02   5.859907e-02  1.0000   1.691091e-01  0.3465  2.929953e-02  2.0000   3.107 
   0.75614    43   6.668118e-02   6.668118e-02  1.0000   2.051835e-01  0.3250  3.334059e-02  2.0000   3.836 
   0.79012    51   7.745612e-02   7.745612e-02  1.0000   2.859045e-01  0.2709  3.872806e-02  2.0000   4.499 
   0.82645    42   9.947462e-02   9.947462e-02  1.0000   4.272841e-01  0.2328  4.973731e-02  2.0000   4.919 
   0.85207    50   1.122783e-01   1.122783e-01  1.0000   5.915982e-01  0.1898  5.613913e-02  2.0000   6.559 
   0.88581    33   1.567947e-01   1.567947e-01  1.0000   9.842930e-01  0.1593  7.839737e-02  2.0000   7.132 
   0.90703    41   1.753451e-01   1.753451e-01  1.0000   1.456620e+00  0.1204  8.767256e-02  2.0000   4.989 
   0.92160    49   1.910485e-01   1.910485e-01  1.0000   2.003383e+00  0.0954  9.552423e-02  2.0000     nan 

  lambda = 0.5
     eta_V     n     -logF(lat)   2br(Phi_lat)   ratio  2br(Phi_cont)   ratio           1br   ratio   p_loc
   0.00444    64   5.921328e-06   6.112976e-06  0.9686   5.776285e-06  1.0251  2.616575e-07 22.6301     nan 
   0.00570    57   9.681278e-06   9.726902e-06  0.9953   9.478063e-06  1.0214  4.295780e-07 22.5367   1.979 
   0.00756    50   1.694682e-05   1.733302e-05  0.9777   1.653683e-05  1.0248  7.573406e-07 22.3767   1.960 
   0.00937    68   2.565208e-05   2.622918e-05  0.9780   2.519236e-05  1.0182  1.162979e-06 22.0572   1.969 
   0.01000    44   2.938566e-05   2.997505e-05  0.9803   2.866674e-05  1.0251  1.327216e-06 22.1408   1.963 
   0.01190    61   4.105895e-05   4.175926e-05  0.9832   4.034006e-05  1.0178  1.884094e-06 21.7924   1.959 
   0.01384    38   5.555125e-05   5.660083e-05  0.9815   5.408366e-05  1.0271  2.508966e-06 22.1411   1.939 
   0.01562    72   6.962024e-05   7.099963e-05  0.9806   6.847367e-05  1.0167  3.192827e-06 21.8052   1.914 
   0.01970    65   1.091546e-04   1.122157e-04  0.9727   1.076116e-04  1.0143  5.073762e-06 21.5135   1.954 
   0.02041    48   1.173292e-04   1.195694e-04  0.9813   1.153282e-04  1.0174  5.474859e-06 21.4305   1.927 
   0.02560    58   1.808444e-04   1.855653e-04  0.9746   1.780840e-04  1.0155  8.514274e-06 21.2401   1.923 
   0.02778    42   2.122487e-04   2.161762e-04  0.9818   2.078207e-04  1.0213  9.955027e-06 21.3208   1.908 
   0.03306    52   2.945444e-04   2.955059e-04  0.9967   2.891399e-04  1.0187  1.439863e-05 20.4564   1.897 
   0.04000    36   4.238542e-04   4.253580e-04  0.9965   4.161091e-04  1.0186  2.102712e-05 20.1575   1.884 
   0.04432    46   5.117379e-04   5.137159e-04  0.9961   5.061398e-04  1.0111  2.611633e-05 19.5946   1.831 
   0.04938    66   6.234303e-04   6.293643e-04  0.9906   6.153301e-04  1.0132  3.245986e-05 19.2062   1.882 
   0.05325    32   7.229507e-04   7.251717e-04  0.9969   7.056694e-04  1.0245  3.764898e-05 19.2024   1.844 
   0.06250    60   9.625178e-04   9.666904e-04  0.9957   9.452786e-04  1.0182  5.277671e-05 18.2375   1.830 
   0.07438    28   1.332546e-03   1.333053e-03  0.9996   1.303648e-03  1.0222  7.426542e-05 17.9430   1.812 
   0.08163    54   1.561669e-03   1.567224e-03  0.9965   1.550934e-03  1.0069  9.032965e-05 17.2886   1.744 
   0.09467    68   2.029690e-03   2.036246e-03  0.9968   2.051665e-03  0.9893  1.226220e-04 16.5524   1.773 
   0.11111    48   2.697512e-03   2.699546e-03  0.9992   2.787865e-03  0.9676  1.731909e-04 15.5754   1.756 
   0.12098    62   3.121819e-03   3.130214e-03  0.9973   3.289185e-03  0.9491  2.066903e-04 15.1039   1.735 
   0.14062    44   4.059398e-03   4.077629e-03  0.9955   4.427560e-03  0.9168  2.785346e-04 14.5741   1.714 
   0.16000    70   5.040667e-03   5.060287e-03  0.9961   5.747288e-03  0.8771  3.682106e-04 13.6896   1.703 
   0.18367    40   6.397218e-03   6.400155e-03  0.9995   7.650101e-03  0.8362  4.948177e-04 12.9284   1.698 
   0.19753    52   7.208990e-03   7.223784e-03  0.9980   8.920617e-03  0.8081  5.808455e-04 12.4112   1.641 
   0.20661    64   7.760079e-03   7.793120e-03  0.9958   9.822522e-03  0.7900  6.427912e-04 12.0725   1.659 
   0.25000    72   1.065688e-02   1.070520e-02  0.9955   1.498106e-02  0.7114  9.777338e-04 10.8996   1.666 
   0.29752    68   1.424580e-02   1.437086e-02  0.9913   2.256220e-02  0.6314  1.454723e-03  9.7928   1.676 
   0.30864    56   1.516954e-02   1.524222e-02  0.9952   2.468792e-02  0.6145  1.581542e-03  9.5916   1.718 
   0.32653    44   1.671541e-02   1.682385e-02  0.9936   2.843097e-02  0.5879  1.804417e-03  9.2636   1.677 
   0.36000    64   1.963586e-02   1.982039e-02  0.9907   3.665297e-02  0.5357  2.280614e-03  8.6099   1.699 
   0.37870    42   2.150368e-02   2.159804e-02  0.9956   4.204657e-02  0.5114  2.579071e-03  8.3378   1.732 
   0.39062    52   2.261820e-02   2.278942e-02  0.9925   4.583018e-02  0.4935  2.783918e-03  8.1246   1.714 
   0.44444    60   2.829449e-02   2.938878e-02  0.9628   6.693756e-02  0.4227  3.890347e-03  7.2730   1.772 
   0.49827    58   3.481276e-02   3.584019e-02  0.9713   9.688092e-02  0.3593  5.275914e-03  6.5984   1.839 
   0.51020    48   3.646882e-02   3.809620e-02  0.9573   1.051216e-01  0.3469  5.621788e-03  6.4870   1.993 
   0.52893    38   3.921230e-02   4.098512e-02  0.9567   1.195074e-01  0.3281  6.195174e-03  6.3295   1.900 
   0.56250    56   4.389921e-02   4.585801e-02  0.9573   1.506623e-01  0.2914  7.394637e-03  5.9366   1.942 
   0.59172    46   4.875770e-02   5.232207e-02  0.9319   1.848975e-01  0.2637  8.591270e-03  5.6753   2.081 
   0.64000    54   5.742385e-02   6.350555e-02  0.9042   2.622078e-01  0.2190  1.108173e-02  5.1818   2.228 
   0.69444    44   6.965574e-02   8.016287e-02  0.8689   3.990631e-01  0.1745  1.457885e-02  4.7779   2.518 
   0.70914    35   7.434555e-02   8.753177e-02  0.8494   4.499866e-01  0.1652  1.576779e-02  4.7150   2.454 
   0.73469    52   7.998625e-02   9.813113e-02  0.8151   5.594641e-01  0.1430  1.795054e-02  4.4559   2.518 
   0.75614    43   8.738321e-02   1.047608e-01  0.8341   6.788094e-01  0.1287  2.011424e-02  4.3443   2.908 
   0.79012    51   9.882864e-02   1.171294e-01  0.8438   9.458587e-01  0.1045  2.467098e-02  4.0059   3.370 
   0.82645    42   1.179056e-01   1.334027e-01  0.8838   1.413585e+00  0.0834  3.044391e-02  3.8729   3.721*
   0.85207    50   1.308799e-01   1.488119e-01  0.8795   1.957186e+00  0.0669  3.643125e-02  3.5925   5.077*
   0.88581    33   1.676815e-01   1.779464e-01  0.9423   3.256340e+00  0.0515  4.906460e-02  3.4176   5.607*
   0.90703    41   1.858135e-01   2.004835e-01  0.9268   4.818940e+00  0.0386  5.726464e-02  3.2448   4.599*
   0.92160    49   2.011786e-01   2.280051e-01  0.8823   6.627798e+00  0.0304  7.195994e-02  2.7957     nan*

  lambda = 1.0
     eta_V     n     -logF(lat)   2br(Phi_lat)   ratio  2br(Phi_cont)   ratio           1br   ratio   p_loc
   0.00444    64   8.868742e-05   9.128952e-05  0.9715   8.834371e-05  1.0039  1.955189e-07 453.6001     nan 
   0.00570    57   1.420365e-04   1.451276e-04  0.9787   1.419732e-04  1.0004  3.209946e-07 442.4887   1.884 
   0.00756    50   2.413122e-04   2.451409e-04  0.9844   2.395910e-04  1.0072  5.658868e-07 426.4319   1.859 
   0.00937    68   3.580014e-04   3.636125e-04  0.9846   3.559686e-04  1.0057  8.690900e-07 411.9267   1.835 
   0.01000    44   4.030408e-04   4.106090e-04  0.9816   4.019602e-04  1.0027  9.913790e-07 406.5456   1.806 
   0.01190    61   5.517850e-04   5.592660e-04  0.9866   5.491970e-04  1.0047  1.407656e-06 391.9884   1.788 
   0.01384    38   7.206233e-04   7.327673e-04  0.9834   7.134678e-04  1.0100  1.907943e-06 377.6964   1.760 
   0.01562    72   8.910575e-04   8.994287e-04  0.9907   8.806327e-04  1.0118  2.404521e-06 370.5759   1.723 
   0.01970    65   1.323806e-03   1.341087e-03  0.9871   1.318207e-03  1.0042  3.878103e-06 341.3541   1.705 
   0.02041    48   1.405127e-03   1.420188e-03  0.9894   1.402235e-03  1.0021  4.143226e-06 339.1385   1.651 
   0.02560    58   2.040559e-03   2.054671e-03  0.9931   2.085277e-03  0.9786  6.583846e-06 309.9342   1.637 
   0.02778    42   2.327696e-03   2.341843e-03  0.9940   2.407047e-03  0.9670  7.656123e-06 304.0306   1.584 
   0.03306    52   3.059508e-03   3.077044e-03  0.9943   3.272065e-03  0.9350  1.060942e-05 288.3766   1.547 
   0.04000    36   4.092393e-03   4.133239e-03  0.9901   4.589817e-03  0.8916  1.599925e-05 255.7865   1.507 
   0.04432    46   4.759222e-03   4.787996e-03  0.9940   5.512703e-03  0.8633  1.954036e-05 243.5586   1.454 
   0.04938    66   5.559715e-03   5.622779e-03  0.9888   6.693452e-03  0.8306  2.436145e-05 228.2178   1.443 
   0.05325    32   6.202807e-03   6.233980e-03  0.9950   7.669420e-03  0.8088  2.863763e-05 216.5964   1.394 
   0.06250    60   7.721736e-03   7.778284e-03  0.9927   1.025634e-02  0.7529  3.939041e-05 196.0309   1.360 
   0.07438    28   9.770170e-03   9.803463e-03  0.9966   1.411744e-02  0.6921  5.700875e-05 171.3802   1.318 
   0.08163    54   1.098072e-02   1.114017e-02  0.9857   1.677738e-02  0.6545  6.847586e-05 160.3589   1.253 
   0.09467    68   1.321781e-02   1.335731e-02  0.9896   2.215488e-02  0.5966  9.362360e-05 141.1804   1.235 
   0.11111    48   1.606680e-02   1.630577e-02  0.9853   3.006223e-02  0.5345  1.295850e-04 123.9866   1.202 
   0.12098    62   1.774651e-02   1.798697e-02  0.9866   3.544460e-02  0.5007  1.562689e-04 113.5639   1.162 
   0.14062    44   2.112474e-02   2.139935e-02  0.9872   4.765354e-02  0.4433  2.156549e-04 97.9562   1.133 
   0.16000    70   2.435751e-02   2.534101e-02  0.9612   6.179008e-02  0.3942  2.812590e-04 86.6017   1.104 
   0.18367    40   2.837236e-02   2.930967e-02  0.9680   8.215944e-02  0.3453  3.820686e-04 74.2599   1.087 
   0.19753    52   3.062788e-02   3.218424e-02  0.9516   9.580925e-02  0.3197  4.488810e-04 68.2316   1.049 
   0.20661    64   3.209844e-02   3.424983e-02  0.9372   1.054982e-01  0.3043  4.944940e-04 64.9117   1.043 
   0.25000    72   3.916018e-02   4.223824e-02  0.9271   1.609031e-01  0.2434  7.631416e-04 51.3144   1.038 
   0.29752    68   4.686017e-02   5.326952e-02  0.8797   2.423280e-01  0.1934  1.149836e-03 40.7538   1.034 
   0.30864    56   4.869737e-02   5.494512e-02  0.8863   2.651591e-01  0.1837  1.253662e-03 38.8441   1.050 
   0.32653    44   5.167023e-02   5.833398e-02  0.8858   3.053611e-01  0.1692  1.428850e-03 36.1621   1.030 
   0.36000    64   5.706260e-02   6.984227e-02  0.8170   3.936690e-01  0.1450  1.810172e-03 31.5233   1.041 
   0.37870    42   6.029095e-02   7.694837e-02  0.7835   4.515986e-01  0.1335  2.056371e-03 29.3191   1.058 
   0.39062    52   6.221197e-02   8.048400e-02  0.7730   4.922362e-01  0.1264  2.225172e-03 27.9583   1.056 
   0.44444    60   7.139318e-02   9.037151e-02  0.7900   7.189388e-01  0.0993  3.118705e-03 22.8919   1.091 
   0.49827    58   8.113622e-02   1.006743e-01  0.8059   1.040544e+00  0.0780  4.287088e-03 18.9257   1.133*
   0.51020    48   8.347771e-02   1.031030e-01  0.8097   1.129052e+00  0.0739  4.574809e-03 18.2473   1.214*
   0.52893    38   8.723315e-02   1.070832e-01  0.8146   1.283562e+00  0.0680  5.094881e-03 17.1217   1.190*
   0.56250    56   9.375498e-02   1.146550e-01  0.8177   1.618180e+00  0.0579  6.105973e-03 15.3546   1.226*
   0.59172    46   1.000930e-01   1.218410e-01  0.8215   1.985881e+00  0.0504  7.142716e-03 14.0133   1.319*
   0.64000    54   1.111519e-01   1.352257e-01  0.8220   2.816227e+00  0.0395  9.221371e-03 12.0537   1.395*
   0.69444    44   1.251414e-01   1.535130e-01  0.8152   4.286113e+00  0.0292  1.243140e-02 10.0666   1.384*
   0.70914    35   1.281098e-01   1.590855e-01  0.8053   4.833053e+00  0.0265  1.336969e-02  9.5821   1.644*
   0.73469    52   1.372864e-01   1.699563e-01  0.8078   6.008889e+00  0.0228  1.544606e-02  8.8881   1.721*
   0.75614    43   1.430707e-01   1.801223e-01  0.7943   7.290711e+00  0.0196  1.735919e-02  8.2418   1.745*
   0.79012    51   1.558600e-01   1.990266e-01  0.7831   1.015894e+01  0.0153  2.106379e-02  7.3994   1.821*
   0.82645    42   1.682180e-01   2.259732e-01  0.7444   1.518253e+01  0.0111  2.768889e-02  6.0753   2.032*
   0.85207    50   1.816995e-01   2.486173e-01  0.7308   2.102104e+01  0.0086  3.218777e-02  5.6450   2.408*
   0.88581    33   1.988077e-01   2.899536e-01  0.6857   3.497452e+01  0.0057  4.174524e-02  4.7624   2.761*
   0.90703    41   2.159212e-01   3.278026e-01  0.6587   5.175753e+01  0.0042  5.198288e-02  4.1537   3.728*
   0.92160    49   2.304376e-01   3.602571e-01  0.6396   7.118546e+01  0.0032  5.973589e-02  3.8576     nan*

  lambda = 1.5
     eta_V     n     -logF(lat)   2br(Phi_lat)   ratio  2br(Phi_cont)   ratio           1br   ratio   p_loc
   0.00444    64   1.385763e-03   1.409490e-03  0.9832   1.391329e-03  0.9960  1.829710e-07 7573.6789     nan 
   0.00570    57   2.068876e-03   2.095298e-03  0.9874   2.131147e-03  0.9708  3.003938e-07 6887.2122   1.575 
   0.00756    50   3.200458e-03   3.240321e-03  0.9877   3.470512e-03  0.9222  5.295694e-07 6043.5099   1.510 
   0.00937    68   4.384357e-03   4.433487e-03  0.9889   5.019074e-03  0.8735  8.132995e-07 5390.8279   1.453 
   0.01000    44   4.804171e-03   4.860709e-03  0.9884   5.620835e-03  0.8547  9.277632e-07 5178.2300   1.388 
   0.01190    61   6.114134e-03   6.175901e-03  0.9900   7.593842e-03  0.8051  1.316692e-06 4643.5576   1.354 
   0.01384    38   7.459735e-03   7.539598e-03  0.9894   9.864344e-03  0.7562  1.786773e-06 4174.9759   1.302 
   0.01562    72   8.715692e-03   8.788212e-03  0.9917   1.217463e-02  0.7159  2.263320e-06 3850.8432   1.238 
   0.01970    65   1.154827e-02   1.178957e-02  0.9795   1.822110e-02  0.6338  3.631369e-06 3180.1410   1.209 
   0.02041    48   1.203763e-02   1.226553e-02  0.9814   1.938209e-02  0.6211  3.898323e-06 3087.8995   1.132 
   0.02560    58   1.553455e-02   1.580772e-02  0.9827   2.881836e-02  0.5391  6.135773e-06 2531.8006   1.113 
   0.02778    42   1.696654e-02   1.722823e-02  0.9848   3.326306e-02  0.5101  7.239289e-06 2343.6745   1.047 
   0.03306    52   2.030438e-02   2.061778e-02  0.9848   4.521065e-02  0.4491  9.946367e-06 2041.3864   1.006 
   0.04000    36   2.448563e-02   2.580315e-02  0.9489   6.340911e-02  0.3862  1.496094e-05 1636.6366   0.963 
   0.04432    46   2.693148e-02   2.837524e-02  0.9491   7.615279e-02  0.3537  1.838078e-05 1465.1979   0.913 
   0.04938    66   2.968038e-02   3.101676e-02  0.9569   9.245559e-02  0.3210  2.274584e-05 1304.8707   0.901 
   0.05325    32   3.177676e-02   3.392782e-02  0.9366   1.059298e-01  0.3000  2.682551e-05 1184.5727   0.860 
   0.06250    60   3.634281e-02   3.857697e-02  0.9421   1.416414e-01  0.2566  3.693686e-05 983.9174   0.830 
   0.07438    28   4.193337e-02   4.736174e-02  0.8854   1.949375e-01  0.2151  5.348690e-05 783.9933   0.799 
   0.08163    54   4.498594e-02   5.145509e-02  0.8743   2.316493e-01  0.1942  6.447540e-05 697.7226   0.752 
   0.09467    68   5.028072e-02   5.717546e-02  0.8794   3.058598e-01  0.1644  8.692889e-05 578.4120   0.739 
   0.11111    48   5.649232e-02   7.110477e-02  0.7945   4.149667e-01  0.1361  1.223061e-04 461.8930   0.717 
   0.12098    62   5.994344e-02   7.834863e-02  0.7651   4.892363e-01  0.1225  1.460194e-04 410.5171   0.692 
   0.14062    44   6.648829e-02   8.557438e-02  0.7770   6.576972e-01  0.1011  2.043805e-04 325.3162   0.675 
   0.16000    70   7.238233e-02   9.178523e-02  0.7886   8.527382e-01  0.0849  2.646488e-04 273.5033   0.658 
   0.18367    40   7.926525e-02   9.911234e-02  0.7998   1.133748e+00  0.0699  3.592190e-04 220.6600   0.649*
   0.19753    52   8.298755e-02   1.033453e-01  0.8030   1.322044e+00  0.0628  4.233578e-04 196.0223   0.629*
   0.20661    64   8.535747e-02   1.060914e-01  0.8046   1.455710e+00  0.0586  4.669423e-04 182.8009   0.628*
   0.25000    72   9.621257e-02   1.190527e-01  0.8082   2.220213e+00  0.0433  7.218698e-04 133.2824   0.627*
   0.29752    68   1.072951e-01   1.332020e-01  0.8055   3.343749e+00  0.0321  1.085686e-03 98.8270   0.629*
   0.30864    56   1.098463e-01   1.365443e-01  0.8045   3.658783e+00  0.0300  1.187617e-03 92.4930   0.642*
   0.32653    44   1.139016e-01   1.419529e-01  0.8024   4.213508e+00  0.0270  1.355216e-03 84.0468   0.634*
   0.36000    64   1.211067e-01   1.522611e-01  0.7954   5.432019e+00  0.0223  1.716218e-03 70.5661   0.643*
   0.37870    42   1.252946e-01   1.581613e-01  0.7922   6.231358e+00  0.0201  1.950625e-03 64.2331   0.658*
   0.39062    52   1.277871e-01   1.619874e-01  0.7889   6.792093e+00  0.0188  2.112205e-03 60.4994   0.663*
   0.44444    60   1.393257e-01   1.799983e-01  0.7740   9.920236e+00  0.0140  2.964933e-03 46.9912   0.690*
   0.49827    58   1.511459e-01   1.996492e-01  0.7571   1.435788e+01  0.0105  4.095514e-03 36.9052   0.721*
   0.51020    48   1.539063e-01   2.042689e-01  0.7534   1.557916e+01  0.0099  4.371582e-03 35.2061   0.767*
   0.52893    38   1.582275e-01   2.117672e-01  0.7472   1.771115e+01  0.0089  4.849669e-03 32.6264   0.772*
   0.56250    56   1.659455e-01   2.260742e-01  0.7340   2.232836e+01  0.0074  5.846190e-03 28.3852   0.803*
   0.59172    46   1.731346e-01   2.395425e-01  0.7228   2.740206e+01  0.0063  6.838574e-03 25.3174   0.868*
   0.64000    54   1.856227e-01   2.644938e-01  0.7018   3.885955e+01  0.0048  8.851972e-03 20.9696   0.948*
   0.69444    44   2.015041e-01   2.982293e-01  0.6757   5.914168e+01  0.0034  1.199811e-02 16.7947   0.927*
   0.70914    35   2.041418e-01   3.085445e-01  0.6616   6.668861e+01  0.0031  1.291122e-02 15.8112   1.133*
   0.73469    52   2.147818e-01   3.283547e-01  0.6541   8.291332e+01  0.0026  1.487898e-02 14.4352   1.204*
   0.75614    43   2.205424e-01   3.470056e-01  0.6356   1.006005e+02  0.0022  1.678608e-02 13.1384   1.197*
   0.79012    51   2.343179e-01   3.814494e-01  0.6143   1.401775e+02  0.0017  2.039217e-02 11.4906   0.905*
   0.82645    42   2.390106e-01   4.291580e-01  0.5569   2.094953e+02  0.0011  2.687200e-02  8.8944   1.029*
   0.85207    50   2.532338e-01   4.699383e-01  0.5389   2.900576e+02  0.0009  3.083861e-02  8.2116   0.324*
   0.88581    33   2.444483e-01   5.438047e-01  0.4495   4.825939e+02  0.0005  4.023081e-02  6.0761   0.463*
   0.90703    41   2.606667e-01   6.105240e-01  0.4270   7.141734e+02  0.0004  5.093148e-02  5.1180   2.915*
   0.92160    49   2.743607e-01   6.673332e-01  0.4111   9.822486e+02  0.0003  5.762538e-02  4.7611     nan*

  (* : the large branch zeta_+ exceeds the range zeta<=23.51 of Phi_lat -> extrapolated)

[3] apparent exponents p of -log F^(lam) ~ eta^p (least squares in log-log)
  lambda   eta<=0.1   0.02-0.2   0.05-0.5 |    VWZ fit     Note 5
     0.0      1.986      1.996      2.051 |       2.00       2.04   [2br(Phi_cont): 1.999 2.007 2.186]
     0.5      1.912      1.812      1.715 |       1.90       2.04   [2br(Phi_cont): 1.917 1.897 2.153]
     1.0      1.635      1.344      1.125 |       1.70       1.96   [2br(Phi_cont): 1.785 1.855 2.148]
     1.5      1.151      0.832      0.678 |       1.20       1.31   [2br(Phi_cont): 1.759 1.855 2.147]

[4] relative entropy D(rho_ABC || rho~_ABC): value, D/eta^2, local exponent
  lambda=0.0       eta_V     n              D    D/eta^2    p_loc
               0.00444    64   1.207732e-05    0.61142      nan
               0.00570    57   1.980796e-05    0.61052    1.993
               0.00756    50   3.483694e-05    0.60930    2.052
               0.00937    68   5.494337e-05    0.62644    1.991
               0.01000    44   6.078246e-05    0.60782    1.991
               0.01190    61   8.853409e-05    0.62511    1.989
               0.01384    38   1.160316e-04    0.60569    2.043
               0.01562    72   1.544124e-04    0.63247    2.114
               0.01970    65   2.446917e-04    0.63061    1.932
               0.02041    48   2.586489e-04    0.62102    1.984
               0.02560    58   4.115783e-04    0.62802    1.983
               0.02778    42   4.766731e-04    0.61777    1.981
               0.03306    52   6.829120e-04    0.62491    1.978
               0.04000    36   9.804990e-04    0.61281    1.976
               0.04432    46   1.218875e-03    0.62049    2.115
               0.04938    66   1.531171e-03    0.62788    1.889
               0.05325    32   1.724091e-03    0.60792    1.968
               0.06250    60   2.434148e-03    0.62314    1.966
               0.07438    28   3.325000e-03    0.60100    1.961
               0.08163    54   4.109993e-03    0.61676    2.110
               0.09467    68   5.531221e-03    0.61710    1.954
               0.11111    48   7.506246e-03    0.60801    1.949
               0.12098    62   8.920355e-03    0.60944    1.947
               0.14062    44   1.187362e-02    0.60042    1.952
               0.16000    70   1.539296e-02    0.60129    1.938
               0.18367    40   1.992447e-02    0.59060    1.911
               0.19753    52   2.302326e-02    0.59006    2.001
               0.20661    64   2.521492e-02    0.59067    1.960
               0.25000    72   3.653504e-02    0.58456    1.938
               0.29752    68   5.111354e-02    0.57743    1.927
               0.30864    56   5.483692e-02    0.57566    1.911
               0.32653    44   6.105808e-02    0.57266    1.956
               0.36000    64   7.410557e-02    0.57180    1.962
               0.37870    42   8.167097e-02    0.56948    1.960
               0.39062    52   8.696298e-02    0.56992    2.006
               0.44444    60   1.126052e-01    0.57006    2.025
               0.49827    58   1.423745e-01    0.57346    2.052
               0.51020    48   1.494666e-01    0.57419    2.148
               0.52893    38   1.618590e-01    0.57856    2.135
               0.56250    56   1.840854e-01    0.58180    2.162
               0.59172    46   2.062814e-01    0.58916    2.256
               0.64000    54   2.463112e-01    0.60135    2.563
               0.69444    44   3.109361e-01    0.64476    3.446
               0.70914    35   3.507647e-01    0.69751    2.511
               0.73469    52   3.581977e-01    0.66361    2.512
               0.75614    43   4.121190e-01    0.72080    3.562
               0.79012    51   4.641413e-01    0.74346    3.674
               0.82645    42   5.713258e-01    0.83648    3.976
               0.85207    50   6.266017e-01    0.86306    4.795
               0.88581    33   7.968071e-01    1.01547    5.216
               0.90703    41   8.681481e-01    1.05524    3.817
               0.92160    49   9.268373e-01    1.09124      nan
  lambda=1.0       eta_V     n              D    D/eta^2    p_loc
               0.00444    64   7.599834e-04   38.47424      nan
               0.00570    57   1.206933e-03   37.20029    1.846
               0.00756    50   2.026591e-03   35.44516    1.886
               0.00937    68   3.082860e-03   35.14924    1.785
               0.01000    44   3.337420e-03   33.37420    1.746
               0.01190    61   4.684295e-03   33.07423    1.726
               0.01384    38   5.849395e-03   30.53421    1.751
               0.01562    72   7.546397e-03   30.91004    1.788
               0.01970    65   1.099387e-02   28.33284    1.560
               0.02041    48   1.144606e-02   27.48199    1.554
               0.02560    58   1.651955e-02   25.20684    1.540
               0.02778    42   1.840322e-02   23.85056    1.473
               0.03306    52   2.407461e-02   22.02978    1.433
               0.04000    36   3.103883e-02   19.39927    1.381
               0.04432    46   3.609248e-02   18.37347    1.441
               0.04938    66   4.204828e-02   17.24242    1.240
               0.05325    32   4.532035e-02   15.98018    1.244
               0.06250    60   5.636689e-02   14.42992    1.214
               0.07438    28   6.798399e-02   12.28831    1.156
               0.08163    54   7.676110e-02   11.51896    1.185
               0.09467    68   9.048513e-02   10.09510    1.061
               0.11111    48   1.064656e-01    8.62372    1.022
               0.12098    62   1.162647e-01    7.94327    0.979
               0.14062    44   1.340927e-01    6.78079    0.955
               0.16000    70   1.518201e-01    5.93047    0.915
               0.18367    40   1.711995e-01    5.07469    0.885
               0.19753    52   1.829364e-01    4.68846    0.907
               0.20661    64   1.904908e-01    4.46236    0.865
               0.25000    72   2.242915e-01    3.58866    0.848
               0.29752    68   2.595011e-01    2.93160    0.831
               0.30864    56   2.672145e-01    2.80511    0.797
               0.32653    44   2.794880e-01    2.62129    0.848
               0.36000    64   3.044841e-01    2.34941    0.839
               0.37870    42   3.165183e-01    2.20705    0.831
               0.39062    52   3.258692e-01    2.13562    0.898
               0.44444    60   3.654473e-01    1.85008    0.901
               0.49827    58   4.057915e-01    1.63446    0.904
               0.51020    48   4.139866e-01    1.59037    0.837
               0.52893    38   4.265752e-01    1.52478    1.012
               0.56250    56   4.569459e-01    1.44417    1.050
               0.59172    46   4.798761e-01    1.37057    1.078
               0.64000    54   5.251793e-01    1.28218    1.111
               0.69444    44   5.732400e-01    1.18867    1.008
               0.70914    35   5.823800e-01    1.15809    1.433
               0.73469    52   6.214451e-01    1.15130    1.506
               0.75614    43   6.414795e-01    1.12195    1.465
               0.79012    51   6.913288e-01    1.10738    1.884
               0.82645    42   7.584277e-01    1.11041    2.101
               0.85207    50   8.101398e-01    1.11586    4.599
               0.88581    33   1.043471e+00    1.32983    5.094
               0.90703    41   1.113873e+00    1.35392    2.931
               0.92160    49   1.171899e+00    1.37977      nan

[5] finite-size drift at fixed eta_V (same L/b ratio, growing n), lambda=0
  eta=0.06250 : n=20:2.812265e-04  n=40:2.726231e-04  n=60:2.698565e-04
  eta=0.08163 : n=18:4.806449e-04  n=36:4.656779e-04  n=54:4.609723e-04
  eta=0.11111 : n=16:8.946119e-04  n=24:8.746159e-04  n=32:8.654442e-04  n=48:8.566607e-04
  eta=0.16000 : n=14:1.880472e-03  n=28:1.809394e-03  n=56:1.781468e-03  n=70:1.776242e-03
  eta=0.25000 : n=12:4.872053e-03  n=18:4.598512e-03  n=24:4.530009e-03  n=36:4.475600e-03  n=48:4.451443e-03  n=60:4.437803e-03  n=72:4.429056e-03
  eta=0.32653 : n=11:9.182511e-03  n=22:7.991893e-03  n=44:7.820271e-03
  eta=0.36000 : n=16:1.026230e-02  n=32:9.722971e-03  n=64:9.602534e-03
  eta=0.44444 : n=10:2.131078e-02  n=15:1.735725e-02  n=20:1.618976e-02  n=30:1.561860e-02  n=40:1.547214e-02  n=50:1.540389e-02  n=60:1.536366e-02
  eta=0.56250 : n=14:3.464613e-02  n=28:2.806229e-02  n=56:2.705862e-02
  eta=0.64000 : n=9:6.245288e-02  n=18:4.676693e-02  n=27:4.101102e-02  n=36:3.916062e-02  n=54:3.819188e-02
  eta=0.73469 : n=13:8.581447e-02  n=26:6.754740e-02  n=52:5.859907e-02
  eta=0.79012 : n=17:1.046488e-01  n=34:8.478285e-02  n=51:7.745612e-02

[6] fixed-L two-branch test (Phi_lat^{(L)} from lambda=0 of the SAME family)

  L_A=L_C=4   (Phi_lat valid for 0.0089 <= zeta <= 3.556)
     lam    eta_V     n    -logF(lat)       2branch    ratio      1branch    ratio
     0.5  0.00756    50  1.694682e-05  1.763475e-05   0.9610   7.5734e-07    22.38
     0.5  0.01000    44  2.938566e-05  3.056322e-05   0.9615   1.3265e-06    22.15
     0.5  0.01384    38  5.555125e-05  5.775300e-05   0.9619   2.5473e-06    21.81
     0.5  0.02041    32  1.181504e-04  1.227563e-04   0.9625   5.5628e-06    21.24
     0.5  0.02778    28  2.137635e-04  2.221165e-04   0.9624   1.0359e-05    20.63
     0.5  0.04000    24  4.270363e-04  4.439178e-04   0.9620   2.1680e-05    19.70
     0.5  0.06250    20  9.790298e-04  1.021692e-03   0.9582   5.3881e-05    18.17
     0.5  0.08163    18  1.591428e-03  1.675204e-03   0.9500   9.3357e-05    17.05
     0.5  0.11111    16  2.759268e-03  2.994315e-03   0.9215   1.7750e-04    15.55
     0.5  0.16000    14  5.225689e-03  6.146933e-03   0.8501   3.8512e-04    13.57
     0.5  0.25000    12  1.140338e-02  1.516501e-02   0.7520   1.0346e-03    11.02
     0.5  0.32653    11  1.851419e-02  2.551851e-02   0.7255   1.9563e-03     9.46
     0.5  -> max |ratio-1| = 0.274  over 12 in-range points
     1.0  0.01000    44  4.030408e-04  4.287121e-04   0.9401   9.9138e-07   406.55
     1.0  0.01384    38  7.206233e-04  7.684984e-04   0.9377   1.9050e-06   378.28
     1.0  0.02041    32  1.404804e-03  1.516335e-03   0.9264   4.1647e-06   337.31
     1.0  0.02778    28  2.328541e-03  2.588428e-03   0.8996   7.7655e-06   299.86
     1.0  0.04000    24  4.098335e-03  4.901983e-03   0.8361   1.6284e-05   251.68
     1.0  0.06250    20  7.770219e-03  1.079030e-02   0.7201   4.0621e-05   191.29
     1.0  0.08163    18  1.107627e-02  1.642193e-02   0.6745   7.0603e-05   156.88
     1.0  0.11111    16  1.625714e-02  2.582215e-02   0.6296   1.3485e-04   120.55
     1.0  -> max |ratio-1| = 0.370  over 8 in-range points
     1.5  0.01000    44  4.804171e-03  6.016330e-03   0.7985   9.2776e-07  5178.23
     1.5  0.01384    38  7.459735e-03  1.041940e-02   0.7159   1.7830e-06  4183.79
     1.5  0.02041    32  1.204055e-02  1.843939e-02   0.6530   3.8989e-06  3088.22
     1.5  0.02778    28  1.698490e-02  2.769771e-02   0.6132   7.2719e-06  2335.69
     1.5  -> max |ratio-1| = 0.387  over 4 in-range points

  L_A=L_C=6   (Phi_lat valid for 0.0189 <= zeta <= 5.538)
     lam    eta_V     n    -logF(lat)       2branch    ratio      1branch    ratio
     0.5  0.01562    54  6.988266e-05  7.165568e-05   0.9753   3.1825e-06    21.96
     0.5  0.02041    48  1.173292e-04  1.202461e-04   0.9757   5.4476e-06    21.54
     0.5  0.02778    42  2.122487e-04  2.174167e-04   0.9762   1.0147e-05    20.92
     0.5  0.04000    36  4.238542e-04  4.340444e-04   0.9765   2.1239e-05    19.96
     0.5  0.05325    32  7.229507e-04  7.403415e-04   0.9765   3.8036e-05    19.01
     0.5  0.07438    28  1.332546e-03  1.365193e-03   0.9761   7.5492e-05    17.65
     0.5  0.11111    24  2.725685e-03  2.804253e-03   0.9720   1.7382e-04    15.68
     0.5  0.14062    22  4.108108e-03  4.263519e-03   0.9635   2.8568e-04    14.38
     0.5  0.18367    20  6.491765e-03  6.938175e-03   0.9357   5.0765e-04    12.79
     0.5  0.25000    18  1.095130e-02  1.255800e-02   0.8721   1.0056e-03    10.89
     0.5  0.36000    16  2.055868e-02  2.592719e-02   0.7929   2.3692e-03     8.68
     0.5  0.44444    15  3.034762e-02  3.972721e-02   0.7639   4.0766e-03     7.44
     0.5  -> max |ratio-1| = 0.236  over 12 in-range points
     1.0  0.02041    48  1.405127e-03  1.462458e-03   0.9608   4.0784e-06   344.53
     1.0  0.02778    42  2.327696e-03  2.433569e-03   0.9565   7.6061e-06   306.03
     1.0  0.04000    36  4.092393e-03  4.348096e-03   0.9412   1.5951e-05   256.56
     1.0  0.05325    32  6.202807e-03  6.833729e-03   0.9077   2.8632e-05   216.64
     1.0  0.07438    28  9.770170e-03  1.163673e-02   0.8396   5.7022e-05   171.34
     1.0  0.11111    24  1.614757e-02  2.143973e-02   0.7532   1.3209e-04   122.25
     1.0  0.14062    22  2.125339e-02  2.984452e-02   0.7121   2.1823e-04    97.39
     1.0  0.18367    20  2.858157e-02  4.245575e-02   0.6732   3.9041e-04    73.21
     1.0  -> max |ratio-1| = 0.327  over 8 in-range points
     1.5  0.02041    48  1.203763e-02  1.523620e-02   0.7901   3.8181e-06  3152.82
     1.5  0.02778    42  1.696654e-02  2.303310e-02   0.7366   7.1223e-06  2382.17
     1.5  0.04000    36  2.448563e-02  3.593137e-02   0.6815   1.4943e-05  1638.57
     1.5  -> max |ratio-1| = 0.319  over 3 in-range points

  L_A=L_C=8   (Phi_lat valid for 0.0317 <= zeta <= 7.529)
     lam    eta_V     n    -logF(lat)       2branch    ratio      1branch    ratio
     0.5  0.03306    52  2.945444e-04  2.997218e-04   0.9827   1.4278e-05    20.63
     0.5  0.04432    46  5.117379e-04  5.204072e-04   0.9833   2.5891e-05    19.77
     0.5  0.06250    40  9.666198e-04  9.831180e-04   0.9832   5.2243e-05    18.50
     0.5  0.08163    36  1.568737e-03  1.595423e-03   0.9833   9.0530e-05    17.33
     0.5  0.11111    32  2.711109e-03  2.759187e-03   0.9826   1.7203e-04    15.76
     0.5  0.16000    28  5.093654e-03  5.209603e-03   0.9777   3.7278e-04    13.66
     0.5  0.19753    26  7.282989e-03  7.521069e-03   0.9683   5.8837e-04    12.38
     0.5  0.25000    24  1.082505e-02  1.149774e-02   0.9415   9.9416e-04    10.89
     0.5  0.32653    22  1.699598e-02  1.922301e-02   0.8841   1.8447e-03     9.21
     0.5  0.44444    20  2.924997e-02  3.584363e-02   0.8160   3.9755e-03     7.36
     0.5  0.52893    19  4.097462e-02  5.204089e-02   0.7874   6.4393e-03     6.36
     0.5  -> max |ratio-1| = 0.213  over 11 in-range points
     1.0  0.03306    52  3.059508e-03  3.155022e-03   0.9697   1.0711e-05   285.63
     1.0  0.04432    46  4.759222e-03  4.936330e-03   0.9641   1.9460e-05   244.57
     1.0  0.06250    40  7.732350e-03  8.199759e-03   0.9430   3.9383e-05   196.34
     1.0  0.08163    36  1.100018e-02  1.212182e-02   0.9075   6.8474e-05   160.65
     1.0  0.11111    32  1.610389e-02  1.916285e-02   0.8404   1.3073e-04   123.18
     1.0  0.16000    28  2.448072e-02  3.176939e-02   0.7706   2.8560e-04    85.72
     1.0  0.19753    26  3.078219e-02  4.194838e-02   0.7338   4.5390e-04    67.82
     1.0  -> max |ratio-1| = 0.266  over 7 in-range points
     1.5  0.03306    52  2.030438e-02  2.561669e-02   0.7926   1.0032e-05  2024.00
     1.5  0.04432    46  2.693148e-02  3.613073e-02   0.7454   1.8232e-05  1477.13
     1.5  0.06250    40  3.637594e-02  5.209326e-02   0.6983   3.6924e-05   985.16
     1.5  -> max |ratio-1| = 0.302  over 3 in-range points

  L_A=L_C=12   (Phi_lat valid for 0.1039 <= zeta <= 11.520)
     lam    eta_V     n    -logF(lat)       2branch    ratio      1branch    ratio
     0.5  0.08163    54  1.561669e-03  1.577219e-03   0.9901   8.9620e-05    17.43
     0.5  0.11111    48  2.697512e-03  2.726414e-03   0.9894   1.7027e-04    15.84
     0.5  0.14062    44  4.059398e-03  4.103388e-03   0.9893   2.7994e-04    14.50
     0.5  0.18367    40  6.397218e-03  6.474553e-03   0.9881   4.9713e-04    12.87
     0.5  0.25000    36  1.073050e-02  1.092469e-02   0.9822   9.8374e-04    10.91
     0.5  0.29752    34  1.435822e-02  1.477427e-02   0.9718   1.4646e-03     9.80
     0.5  0.36000    32  1.982090e-02  2.091275e-02   0.9478   2.3051e-03     8.60
     0.5  0.44444    30  2.863696e-02  3.184002e-02   0.8994   3.9144e-03     7.32
     0.5  0.56250    28  4.473050e-02  5.303586e-02   0.8434   7.5133e-03     5.95
     0.5  0.64000    27  5.916765e-02  7.246533e-02   0.8165   1.1285e-02     5.24
     0.5  -> max |ratio-1| = 0.184  over 10 in-range points
     1.0  0.11111    48  1.606680e-02  1.708639e-02   0.9403   1.2941e-04   124.15
     1.0  0.14062    44  2.112474e-02  2.337491e-02   0.9037   2.1387e-04    98.77
     1.0  0.18367    40  2.837236e-02  3.348081e-02   0.8474   3.8247e-04    74.18
     1.0  0.25000    36  3.928895e-02  4.962011e-02   0.7918   7.6539e-04    51.33
     1.0  0.29752    34  4.703472e-02  6.179256e-02   0.7612   1.1501e-03    40.90
     1.0  -> max |ratio-1| = 0.239  over 5 in-range points

  L_A=L_C=16   (Phi_lat valid for 0.2092 <= zeta <= 15.515)
     lam    eta_V     n    -logF(lat)       2branch    ratio      1branch    ratio
     0.5  0.16000    56  5.048636e-03  5.088202e-03   0.9922   3.6717e-04    13.75
     0.5  0.19753    52  7.208990e-03  7.268363e-03   0.9918   5.7963e-04    12.44
     0.5  0.25000    48  1.069135e-02  1.079677e-02   0.9902   9.7863e-04    10.92
     0.5  0.32653    44  1.671541e-02  1.698783e-02   0.9840   1.8141e-03     9.21
     0.5  0.37870    42  2.150368e-02  2.209087e-02   0.9734   2.5936e-03     8.29
     0.5  0.44444    40  2.844513e-02  2.988363e-02   0.9519   3.8903e-03     7.31
     0.5  0.52893    38  3.921230e-02  4.311911e-02   0.9094   6.2329e-03     6.29
     0.5  0.64000    36  5.802986e-02  6.747469e-02   0.8600   1.1116e-02     5.22
     0.5  0.70914    35  7.434555e-02  8.907038e-02   0.8347   1.5938e-02     4.66
     0.5  -> max |ratio-1| = 0.165  over 9 in-range points
     1.0  0.19753    52  3.062788e-02  3.398557e-02   0.9012   4.4721e-04    68.49
     1.0  0.25000    48  3.922004e-02  4.584154e-02   0.8556   7.6159e-04    51.50
     1.0  0.32653    44  5.167023e-02  6.411321e-02   0.8059   1.4309e-03    36.11
     1.0  0.37870    42  6.029095e-02  7.737604e-02   0.7792   2.0671e-03    29.17
     1.0  -> max |ratio-1| = 0.221  over 4 in-range points

  L_A=L_C=20   (Phi_lat valid for 0.3810 <= zeta <= 19.512)
     lam    eta_V     n    -logF(lat)       2branch    ratio      1branch    ratio
     0.5  0.25000    60  1.067012e-02  1.074347e-02   0.9932   9.7583e-04    10.93
     0.5  0.30864    56  1.516954e-02  1.530180e-02   0.9914   1.5835e-03     9.58
     0.5  0.39062    52  2.261820e-02  2.296433e-02   0.9849   2.7934e-03     8.10
     0.5  0.44444    50  2.835040e-02  2.909012e-02   0.9746   3.8757e-03     7.31
     0.5  0.51020    48  3.646882e-02  3.818928e-02   0.9549   5.6125e-03     6.50
     0.5  0.59172    46  4.875770e-02  5.319084e-02   0.9167   8.6257e-03     5.65
     0.5  0.69444    44  6.965574e-02  7.991969e-02   0.8716   1.4609e-02     4.77
     0.5  0.75614    43  8.738321e-02  1.031129e-01   0.8475   2.0286e-02     4.31
     0.5  -> max |ratio-1| = 0.153  over 8 in-range points
     1.0  0.30864    56  4.869737e-02  5.650550e-02   0.8618   1.2454e-03    39.10
     1.0  0.39062    52  6.221197e-02  7.618303e-02   0.8166   2.2296e-03    27.90
     1.0  0.44444    50  7.145939e-02  9.016815e-02   0.7925   3.1271e-03    22.85
     1.0  -> max |ratio-1| = 0.207  over 3 in-range points

  L_A=L_C=24   (Phi_lat valid for 0.6667 <= zeta <= 23.510)
     lam    eta_V     n    -logF(lat)       2branch    ratio      1branch    ratio
     0.5  0.36000    64  1.963586e-02  1.979338e-02   0.9920   2.2810e-03     8.61
     0.5  0.44444    60  2.829449e-02  2.870807e-02   0.9856   3.8693e-03     7.31
     0.5  0.49827    58  3.481276e-02  3.568421e-02   0.9756   5.2451e-03     6.64
     0.5  0.56250    56  4.389921e-02  4.585143e-02   0.9574   7.3931e-03     5.94
     0.5  0.64000    54  5.742385e-02  6.226576e-02   0.9222   1.1009e-02     5.22
     0.5  0.73469    52  7.998625e-02  9.087190e-02   0.8802   1.7938e-02     4.46
     0.5  0.79012    51  9.882864e-02  1.153119e-01   0.8571   2.4322e-02     4.06
     0.5  -> max |ratio-1| = 0.143  over 7 in-range points
     1.0  0.44444    60  7.139318e-02  8.651766e-02   0.8252   3.1203e-03    22.88
     1.0  -> max |ratio-1| = 0.175  over 1 in-range points

[7] small-eta amplitude  A(lam) = (-log F)/eta^2  vs  f2[2+4cosh(pi l)+2cosh(2pi l)]
  lambda   A(lattice)    A(theory)    ratio   (largest-n point below eta=0.02, then eta->0 Richardson)
     0.0      0.07220      0.06755   1.0689   (eta=0.00444, n=64)
     0.5      0.29977      0.29738   1.0080   (eta=0.00444, n=64)
     1.0      4.48981      4.92979   0.9107   (eta=0.00444, n=64)
     1.5     70.15441    106.52488   0.6586   (eta=0.00444, n=64)

[8] 1/L drift of the fixed-L two-branch ratio (lambda=0.5, mean over eta<=0.05)
     L      ratio L(1-ratio)
     4    0.96186     0.1525
     6    0.97594     0.1444
     8    0.98303     0.1357
VALIDATE (3, 2, 3) lam=0.0  gauss -logF=0.014406526627 D=0.102639124426 | exact 0.014406485765 0.102639124426 | Tr rho~=0.99999999999999
VALIDATE (3, 2, 3) lam=1.0  gauss -logF=0.058120210951 D=0.319971701722 | exact 0.058120168766 0.319971701722 | Tr rho~=0.99999999999999
VALIDATE (2, 3, 4) lam=0.5  gauss -logF=0.010733002350 D=0.068253193684 | exact 0.010732887325 0.068253193684 | Tr rho~=0.99999999999999
VALIDATE (4, 3, 3) lam=1.5  gauss -logF=0.106758351942 D=0.507027309588 | exact 0.106758136667 0.507027301067 | Tr rho~=0.99999999999999
